Fitter report for MSXPi2
Tue Jul 07 10:40:17 2020
Quartus II 64-Bit Version 13.0.1 Build 232 06/12/2013 Service Pack 1 SJ Web Edition


---------------------
; Table of Contents ;
---------------------
  1. Legal Notice
  2. Fitter Summary
  3. Fitter Settings
  4. Parallel Compilation
  5. Pin-Out File
  6. Fitter Resource Usage Summary
  7. Input Pins
  8. Output Pins
  9. Bidir Pins
 10. All Package Pins
 11. Output Pin Default Load For Reported TCO
 12. Fitter Resource Utilization by Entity
 13. Control Signals
 14. Non-Global High Fan-Out Signals
 15. Other Routing Usage Summary
 16. LAB External Interconnect
 17. LAB Macrocells
 18. Shareable Expander
 19. Logic Cell Interconnection
 20. Fitter Device Options
 21. Fitter Messages



----------------
; Legal Notice ;
----------------
Copyright (C) 1991-2013 Altera Corporation
Your use of Altera Corporation's design tools, logic functions 
and other software and tools, and its AMPP partner logic 
functions, and any output files from any of the foregoing 
(including device programming or simulation files), and any 
associated documentation or information are expressly subject 
to the terms and conditions of the Altera Program License 
Subscription Agreement, Altera MegaCore Function License 
Agreement, or other applicable license agreement, including, 
without limitation, that your use is for the sole purpose of 
programming logic devices manufactured by Altera and sold by 
Altera or its authorized distributors.  Please refer to the 
applicable agreement for further details.



+-----------------------------------------------------------------------------+
; Fitter Summary                                                              ;
+---------------------------+-------------------------------------------------+
; Fitter Status             ; Successful - Tue Jul 07 10:40:17 2020           ;
; Quartus II 64-Bit Version ; 13.0.1 Build 232 06/12/2013 SP 1 SJ Web Edition ;
; Revision Name             ; MSXPi2                                          ;
; Top-level Entity Name     ; MSXPi2                                          ;
; Family                    ; MAX7000S                                        ;
; Device                    ; EPM7128SLC84-15                                 ;
; Timing Models             ; Final                                           ;
; Total macrocells          ; 37 / 128 ( 29 % )                               ;
; Total pins                ; 64 / 68 ( 94 % )                                ;
+---------------------------+-------------------------------------------------+


+--------------------------------------------------------------------------------------------------------------+
; Fitter Settings                                                                                              ;
+----------------------------------------------------------------------------+-----------------+---------------+
; Option                                                                     ; Setting         ; Default Value ;
+----------------------------------------------------------------------------+-----------------+---------------+
; Device                                                                     ; EPM7128SLC84-15 ;               ;
; Fitter Effort                                                              ; Standard Fit    ; Auto Fit      ;
; Use smart compilation                                                      ; Off             ; Off           ;
; Enable parallel Assembler and TimeQuest Timing Analyzer during compilation ; On              ; On            ;
; Enable compact report table                                                ; Off             ; Off           ;
; Optimize Multi-Corner Timing                                               ; Off             ; Off           ;
; Optimize Timing for ECOs                                                   ; Off             ; Off           ;
; Regenerate full fit report during ECO compiles                             ; Off             ; Off           ;
; Optimize IOC Register Placement for Timing                                 ; Normal          ; Normal        ;
; Fitter Initial Placement Seed                                              ; 1               ; 1             ;
; Slow Slew Rate                                                             ; Off             ; Off           ;
; Force Fitter to Avoid Periphery Placement Warnings                         ; Off             ; Off           ;
+----------------------------------------------------------------------------+-----------------+---------------+


Parallel compilation was disabled, but you have multiple processors available. Enable parallel compilation to reduce compilation time.
+-------------------------------------+
; Parallel Compilation                ;
+----------------------------+--------+
; Processors                 ; Number ;
+----------------------------+--------+
; Number detected on machine ; 2      ;
; Maximum allowed            ; 1      ;
+----------------------------+--------+


+--------------+
; Pin-Out File ;
+--------------+
The pin-out file can be found in F:/github/MSXPi2/hardware/CPLD Project/output_files/MSXPi2.pin.


+--------------------------------------------------+
; Fitter Resource Usage Summary                    ;
+------------------------------+-------------------+
; Resource                     ; Usage             ;
+------------------------------+-------------------+
; Logic cells                  ; 37 / 128 ( 29 % ) ;
; Registers                    ; 19 / 128 ( 15 % ) ;
; Number of pterms used        ; 99                ;
; I/O pins                     ; 64 / 68 ( 94 % )  ;
;     -- Clock pins            ; 0 / 2 ( 0 % )     ;
;     -- Dedicated input pins  ; 0 / 2 ( 0 % )     ;
;                              ;                   ;
; Global signals               ; 0                 ;
; Shareable expanders          ; 18 / 128 ( 14 % ) ;
; Parallel expanders           ; 0 / 120 ( 0 % )   ;
; Cells using turbo bit        ; 37 / 128 ( 29 % ) ;
; Maximum fan-out              ; 31                ;
; Highest non-global fan-out   ; 31                ;
; Total fan-out                ; 312               ;
; Average fan-out              ; 2.62              ;
+------------------------------+-------------------+


+-----------------------------------------------------------------------------------------------------------------------------------------------+
; Input Pins                                                                                                                                    ;
+---------+-------+----------+-----+-----------------------+--------------------+--------+----------------+--------------+----------------------+
; Name    ; Pin # ; I/O Bank ; LAB ; Combinational Fan-Out ; Registered Fan-Out ; Global ; Input Register ; I/O Standard ; Location assigned by ;
+---------+-------+----------+-----+-----------------------+--------------------+--------+----------------+--------------+----------------------+
; A[0]    ; 40    ; --       ; 4   ; 1                     ; 0                  ; no     ; no             ; TTL          ; User                 ;
; A[10]   ; 46    ; --       ; 5   ; 1                     ; 0                  ; no     ; no             ; TTL          ; User                 ;
; A[11]   ; 27    ; --       ; 3   ; 1                     ; 0                  ; no     ; no             ; TTL          ; User                 ;
; A[12]   ; 24    ; --       ; 3   ; 6                     ; 0                  ; no     ; no             ; TTL          ; User                 ;
; A[13]   ; 41    ; --       ; 4   ; 6                     ; 0                  ; no     ; no             ; TTL          ; User                 ;
; A[14]   ; 22    ; --       ; 2   ; 13                    ; 0                  ; no     ; no             ; TTL          ; User                 ;
; A[15]   ; 48    ; --       ; 5   ; 13                    ; 0                  ; no     ; no             ; TTL          ; User                 ;
; A[1]    ; 21    ; --       ; 2   ; 1                     ; 0                  ; no     ; no             ; TTL          ; User                 ;
; A[2]    ; 39    ; --       ; 4   ; 1                     ; 0                  ; no     ; no             ; TTL          ; User                 ;
; A[3]    ; 20    ; --       ; 2   ; 1                     ; 0                  ; no     ; no             ; TTL          ; User                 ;
; A[4]    ; 37    ; --       ; 4   ; 1                     ; 0                  ; no     ; no             ; TTL          ; User                 ;
; A[5]    ; 18    ; --       ; 2   ; 1                     ; 0                  ; no     ; no             ; TTL          ; User                 ;
; A[6]    ; 45    ; --       ; 5   ; 1                     ; 0                  ; no     ; no             ; TTL          ; User                 ;
; A[7]    ; 25    ; --       ; 3   ; 1                     ; 0                  ; no     ; no             ; TTL          ; User                 ;
; A[8]    ; 44    ; --       ; 5   ; 1                     ; 0                  ; no     ; no             ; TTL          ; User                 ;
; A[9]    ; 28    ; --       ; 3   ; 1                     ; 0                  ; no     ; no             ; TTL          ; User                 ;
; GPIO_1  ; 56    ; --       ; 6   ; 0                     ; 0                  ; no     ; no             ; TTL          ; User                 ;
; IORQ_n  ; 30    ; --       ; 3   ; 1                     ; 0                  ; no     ; no             ; TTL          ; User                 ;
; M1      ; 31    ; --       ; 3   ; 0                     ; 0                  ; no     ; no             ; TTL          ; User                 ;
; MREQ_n  ; 50    ; --       ; 5   ; 0                     ; 0                  ; no     ; no             ; TTL          ; User                 ;
; RD_n    ; 49    ; --       ; 5   ; 20                    ; 0                  ; no     ; no             ; TTL          ; User                 ;
; SLTSL   ; 52    ; --       ; 5   ; 20                    ; 0                  ; no     ; no             ; TTL          ; User                 ;
; WR_n    ; 29    ; --       ; 3   ; 1                     ; 0                  ; no     ; no             ; TTL          ; User                 ;
; rpi_on  ; 55    ; --       ; 6   ; 30                    ; 0                  ; no     ; no             ; TTL          ; Fitter               ;
; rpi_rdy ; 74    ; --       ; 8   ; 31                    ; 0                  ; no     ; no             ; TTL          ; User                 ;
+---------+-------+----------+-----+-----------------------+--------------------+--------+----------------+--------------+----------------------+


+-----------------------------------------------------------------------------------------------------------------------------------------------------------------------------------------------+
; Output Pins                                                                                                                                                                                   ;
+-----------+-------+----------+-----+-----------------+----------------+------------+---------------+--------------+----------------------+-------+----------------------+---------------------+
; Name      ; Pin # ; I/O Bank ; LAB ; Output Register ; Slow Slew Rate ; Open Drain ; TRI Primitive ; I/O Standard ; Location assigned by ; Load  ; Output Enable Source ; Output Enable Group ;
+-----------+-------+----------+-----+-----------------+----------------+------------+---------------+--------------+----------------------+-------+----------------------+---------------------+
; BDIR      ; 51    ; --       ; 5   ; no              ; no             ; yes        ; no            ; TTL          ; User                 ; 10 pF ; -                    ; -                   ;
; WAIT_n    ; 54    ; --       ; 6   ; no              ; no             ; no         ; yes           ; TTL          ; User                 ; 10 pF ; -                    ; -                   ;
; rpi_a[0]  ; 76    ; --       ; 8   ; no              ; no             ; no         ; no            ; TTL          ; User                 ; 10 pF ; -                    ; -                   ;
; rpi_a[10] ; 64    ; --       ; 7   ; no              ; no             ; no         ; no            ; TTL          ; User                 ; 10 pF ; -                    ; -                   ;
; rpi_a[11] ; 8     ; --       ; 1   ; no              ; no             ; no         ; no            ; TTL          ; User                 ; 10 pF ; -                    ; -                   ;
; rpi_a[12] ; 9     ; --       ; 1   ; no              ; no             ; no         ; no            ; TTL          ; User                 ; 10 pF ; -                    ; -                   ;
; rpi_a[13] ; 69    ; --       ; 7   ; no              ; no             ; no         ; no            ; TTL          ; User                 ; 10 pF ; -                    ; -                   ;
; rpi_a[1]  ; 75    ; --       ; 8   ; no              ; no             ; no         ; no            ; TTL          ; User                 ; 10 pF ; -                    ; -                   ;
; rpi_a[2]  ; 73    ; --       ; 8   ; no              ; no             ; no         ; no            ; TTL          ; User                 ; 10 pF ; -                    ; -                   ;
; rpi_a[3]  ; 77    ; --       ; 8   ; no              ; no             ; no         ; no            ; TTL          ; User                 ; 10 pF ; -                    ; -                   ;
; rpi_a[4]  ; 4     ; --       ; 1   ; no              ; no             ; no         ; no            ; TTL          ; User                 ; 10 pF ; -                    ; -                   ;
; rpi_a[5]  ; 5     ; --       ; 1   ; no              ; no             ; no         ; no            ; TTL          ; User                 ; 10 pF ; -                    ; -                   ;
; rpi_a[6]  ; 60    ; --       ; 6   ; no              ; no             ; no         ; no            ; TTL          ; User                 ; 10 pF ; -                    ; -                   ;
; rpi_a[7]  ; 63    ; --       ; 7   ; no              ; no             ; no         ; no            ; TTL          ; User                 ; 10 pF ; -                    ; -                   ;
; rpi_a[8]  ; 6     ; --       ; 1   ; no              ; no             ; no         ; no            ; TTL          ; User                 ; 10 pF ; -                    ; -                   ;
; rpi_a[9]  ; 65    ; --       ; 7   ; no              ; no             ; no         ; no            ; TTL          ; User                 ; 10 pF ; -                    ; -                   ;
; rpi_cs    ; 11    ; --       ; 1   ; no              ; no             ; no         ; no            ; TTL          ; User                 ; 10 pF ; -                    ; -                   ;
; rpi_io    ; 70    ; --       ; 7   ; no              ; no             ; no         ; no            ; TTL          ; User                 ; 10 pF ; -                    ; -                   ;
; rpi_wr    ; 68    ; --       ; 7   ; no              ; no             ; no         ; no            ; TTL          ; User                 ; 10 pF ; -                    ; -                   ;
+-----------+-------+----------+-----+-----------------+----------------+------------+---------------+--------------+----------------------+-------+----------------------+---------------------+


+-----------------------------------------------------------------------------------------------------------------------------------------------------------------------------------------------------------------------------------------------------+
; Bidir Pins                                                                                                                                                                                                                                          ;
+----------+-------+----------+-----+-----------------------+--------------------+--------+----------------+-----------------+----------------+------------+--------------+----------------------+-------+----------------------+---------------------+
; Name     ; Pin # ; I/O Bank ; LAB ; Combinational Fan-Out ; Registered Fan-Out ; Global ; Input Register ; Output Register ; Slow Slew Rate ; Open Drain ; I/O Standard ; Location assigned by ; Load  ; Output Enable Source ; Output Enable Group ;
+----------+-------+----------+-----+-----------------------+--------------------+--------+----------------+-----------------+----------------+------------+--------------+----------------------+-------+----------------------+---------------------+
; D[0]     ; 36    ; --       ; 4   ; 0                     ; 0                  ; no     ; no             ; no              ; no             ; no         ; TTL          ; User                 ; 10 pF ; D~20                 ; -                   ;
; D[1]     ; 17    ; --       ; 2   ; 0                     ; 0                  ; no     ; no             ; no              ; no             ; no         ; TTL          ; User                 ; 10 pF ; D~20                 ; -                   ;
; D[2]     ; 35    ; --       ; 4   ; 0                     ; 0                  ; no     ; no             ; no              ; no             ; no         ; TTL          ; User                 ; 10 pF ; D~20                 ; -                   ;
; D[3]     ; 16    ; --       ; 2   ; 0                     ; 0                  ; no     ; no             ; no              ; no             ; no         ; TTL          ; User                 ; 10 pF ; D~20                 ; -                   ;
; D[4]     ; 34    ; --       ; 4   ; 0                     ; 0                  ; no     ; no             ; no              ; no             ; no         ; TTL          ; User                 ; 10 pF ; D~20                 ; -                   ;
; D[5]     ; 15    ; --       ; 2   ; 0                     ; 0                  ; no     ; no             ; no              ; no             ; no         ; TTL          ; User                 ; 10 pF ; D~20                 ; -                   ;
; D[6]     ; 33    ; --       ; 4   ; 0                     ; 0                  ; no     ; no             ; no              ; no             ; no         ; TTL          ; User                 ; 10 pF ; D~20                 ; -                   ;
; D[7]     ; 12    ; --       ; 1   ; 0                     ; 0                  ; no     ; no             ; no              ; no             ; no         ; TTL          ; User                 ; 10 pF ; D~20                 ; -                   ;
; rpi_d[0] ; 10    ; --       ; 1   ; 1                     ; 0                  ; no     ; no             ; no              ; no             ; yes        ; TTL          ; User                 ; 10 pF ; ~VCC~0 (inverted)    ; -                   ;
; rpi_d[1] ; 67    ; --       ; 7   ; 1                     ; 0                  ; no     ; no             ; no              ; no             ; yes        ; TTL          ; User                 ; 10 pF ; ~VCC~1 (inverted)    ; -                   ;
; rpi_d[2] ; 57    ; --       ; 6   ; 1                     ; 0                  ; no     ; no             ; no              ; no             ; yes        ; TTL          ; User                 ; 10 pF ; ~VCC~2 (inverted)    ; -                   ;
; rpi_d[3] ; 58    ; --       ; 6   ; 1                     ; 0                  ; no     ; no             ; no              ; no             ; yes        ; TTL          ; User                 ; 10 pF ; ~VCC~3 (inverted)    ; -                   ;
; rpi_d[4] ; 61    ; --       ; 6   ; 1                     ; 0                  ; no     ; no             ; no              ; no             ; yes        ; TTL          ; User                 ; 10 pF ; ~VCC~4 (inverted)    ; -                   ;
; rpi_d[5] ; 80    ; --       ; 8   ; 1                     ; 0                  ; no     ; no             ; no              ; no             ; yes        ; TTL          ; User                 ; 10 pF ; ~VCC~5 (inverted)    ; -                   ;
; rpi_d[6] ; 81    ; --       ; 8   ; 1                     ; 0                  ; no     ; no             ; no              ; no             ; yes        ; TTL          ; User                 ; 10 pF ; ~VCC~6 (inverted)    ; -                   ;
; rpi_d[7] ; 79    ; --       ; 8   ; 1                     ; 0                  ; no     ; no             ; no              ; no             ; yes        ; TTL          ; User                 ; 10 pF ; ~VCC~7 (inverted)    ; -                   ;
+----------+-------+----------+-----+-----------------------+--------------------+--------+----------------+-----------------+----------------+------------+--------------+----------------------+-------+----------------------+---------------------+


+-------------------------------------------------------------------------------------------------------+
; All Package Pins                                                                                      ;
+----------+------------+----------+----------------+--------+--------------+---------+-----------------+
; Location ; Pad Number ; I/O Bank ; Pin Name/Usage ; Dir.   ; I/O Standard ; Voltage ; User Assignment ;
+----------+------------+----------+----------------+--------+--------------+---------+-----------------+
; 1        ; 0          ; --       ; GND+           ;        ;              ;         ;                 ;
; 2        ; 1          ; --       ; GND+           ;        ;              ;         ;                 ;
; 3        ; 2          ; --       ; VCCINT         ; power  ;              ; 5.0V    ;                 ;
; 4        ; 3          ; --       ; rpi_a[4]       ; output ; TTL          ;         ; Y               ;
; 5        ; 4          ; --       ; rpi_a[5]       ; output ; TTL          ;         ; Y               ;
; 6        ; 5          ; --       ; rpi_a[8]       ; output ; TTL          ;         ; Y               ;
; 7        ; 6          ; --       ; GND            ; gnd    ;              ;         ;                 ;
; 8        ; 7          ; --       ; rpi_a[11]      ; output ; TTL          ;         ; Y               ;
; 9        ; 8          ; --       ; rpi_a[12]      ; output ; TTL          ;         ; Y               ;
; 10       ; 9          ; --       ; rpi_d[0]       ; bidir  ; TTL          ;         ; Y               ;
; 11       ; 10         ; --       ; rpi_cs         ; output ; TTL          ;         ; Y               ;
; 12       ; 11         ; --       ; D[7]           ; bidir  ; TTL          ;         ; Y               ;
; 13       ; 12         ; --       ; VCCIO          ; power  ;              ; 5.0V    ;                 ;
; 14       ; 13         ; --       ; TDI            ; input  ; TTL          ;         ; N               ;
; 15       ; 14         ; --       ; D[5]           ; bidir  ; TTL          ;         ; Y               ;
; 16       ; 15         ; --       ; D[3]           ; bidir  ; TTL          ;         ; Y               ;
; 17       ; 16         ; --       ; D[1]           ; bidir  ; TTL          ;         ; Y               ;
; 18       ; 17         ; --       ; A[5]           ; input  ; TTL          ;         ; Y               ;
; 19       ; 18         ; --       ; GND            ; gnd    ;              ;         ;                 ;
; 20       ; 19         ; --       ; A[3]           ; input  ; TTL          ;         ; Y               ;
; 21       ; 20         ; --       ; A[1]           ; input  ; TTL          ;         ; Y               ;
; 22       ; 21         ; --       ; A[14]          ; input  ; TTL          ;         ; Y               ;
; 23       ; 22         ; --       ; TMS            ; input  ; TTL          ;         ; N               ;
; 24       ; 23         ; --       ; A[12]          ; input  ; TTL          ;         ; Y               ;
; 25       ; 24         ; --       ; A[7]           ; input  ; TTL          ;         ; Y               ;
; 26       ; 25         ; --       ; VCCIO          ; power  ;              ; 5.0V    ;                 ;
; 27       ; 26         ; --       ; A[11]          ; input  ; TTL          ;         ; Y               ;
; 28       ; 27         ; --       ; A[9]           ; input  ; TTL          ;         ; Y               ;
; 29       ; 28         ; --       ; WR_n           ; input  ; TTL          ;         ; Y               ;
; 30       ; 29         ; --       ; IORQ_n         ; input  ; TTL          ;         ; Y               ;
; 31       ; 30         ; --       ; M1             ; input  ; TTL          ;         ; Y               ;
; 32       ; 31         ; --       ; GND            ; gnd    ;              ;         ;                 ;
; 33       ; 32         ; --       ; D[6]           ; bidir  ; TTL          ;         ; Y               ;
; 34       ; 33         ; --       ; D[4]           ; bidir  ; TTL          ;         ; Y               ;
; 35       ; 34         ; --       ; D[2]           ; bidir  ; TTL          ;         ; Y               ;
; 36       ; 35         ; --       ; D[0]           ; bidir  ; TTL          ;         ; Y               ;
; 37       ; 36         ; --       ; A[4]           ; input  ; TTL          ;         ; Y               ;
; 38       ; 37         ; --       ; VCCIO          ; power  ;              ; 5.0V    ;                 ;
; 39       ; 38         ; --       ; A[2]           ; input  ; TTL          ;         ; Y               ;
; 40       ; 39         ; --       ; A[0]           ; input  ; TTL          ;         ; Y               ;
; 41       ; 40         ; --       ; A[13]          ; input  ; TTL          ;         ; Y               ;
; 42       ; 41         ; --       ; GND            ; gnd    ;              ;         ;                 ;
; 43       ; 42         ; --       ; VCCINT         ; power  ;              ; 5.0V    ;                 ;
; 44       ; 43         ; --       ; A[8]           ; input  ; TTL          ;         ; Y               ;
; 45       ; 44         ; --       ; A[6]           ; input  ; TTL          ;         ; Y               ;
; 46       ; 45         ; --       ; A[10]          ; input  ; TTL          ;         ; Y               ;
; 47       ; 46         ; --       ; GND            ; gnd    ;              ;         ;                 ;
; 48       ; 47         ; --       ; A[15]          ; input  ; TTL          ;         ; Y               ;
; 49       ; 48         ; --       ; RD_n           ; input  ; TTL          ;         ; Y               ;
; 50       ; 49         ; --       ; MREQ_n         ; input  ; TTL          ;         ; Y               ;
; 51       ; 50         ; --       ; BDIR           ; output ; TTL          ;         ; Y               ;
; 52       ; 51         ; --       ; SLTSL          ; input  ; TTL          ;         ; Y               ;
; 53       ; 52         ; --       ; VCCIO          ; power  ;              ; 5.0V    ;                 ;
; 54       ; 53         ; --       ; WAIT_n         ; output ; TTL          ;         ; Y               ;
; 55       ; 54         ; --       ; rpi_on         ; input  ; TTL          ;         ; N               ;
; 56       ; 55         ; --       ; GPIO_1         ; input  ; TTL          ;         ; Y               ;
; 57       ; 56         ; --       ; rpi_d[2]       ; bidir  ; TTL          ;         ; Y               ;
; 58       ; 57         ; --       ; rpi_d[3]       ; bidir  ; TTL          ;         ; Y               ;
; 59       ; 58         ; --       ; GND            ; gnd    ;              ;         ;                 ;
; 60       ; 59         ; --       ; rpi_a[6]       ; output ; TTL          ;         ; Y               ;
; 61       ; 60         ; --       ; rpi_d[4]       ; bidir  ; TTL          ;         ; Y               ;
; 62       ; 61         ; --       ; TCK            ; input  ; TTL          ;         ; N               ;
; 63       ; 62         ; --       ; rpi_a[7]       ; output ; TTL          ;         ; Y               ;
; 64       ; 63         ; --       ; rpi_a[10]      ; output ; TTL          ;         ; Y               ;
; 65       ; 64         ; --       ; rpi_a[9]       ; output ; TTL          ;         ; Y               ;
; 66       ; 65         ; --       ; VCCIO          ; power  ;              ; 5.0V    ;                 ;
; 67       ; 66         ; --       ; rpi_d[1]       ; bidir  ; TTL          ;         ; Y               ;
; 68       ; 67         ; --       ; rpi_wr         ; output ; TTL          ;         ; Y               ;
; 69       ; 68         ; --       ; rpi_a[13]      ; output ; TTL          ;         ; Y               ;
; 70       ; 69         ; --       ; rpi_io         ; output ; TTL          ;         ; Y               ;
; 71       ; 70         ; --       ; TDO            ; output ; TTL          ;         ; N               ;
; 72       ; 71         ; --       ; GND            ; gnd    ;              ;         ;                 ;
; 73       ; 72         ; --       ; rpi_a[2]       ; output ; TTL          ;         ; Y               ;
; 74       ; 73         ; --       ; rpi_rdy        ; input  ; TTL          ;         ; Y               ;
; 75       ; 74         ; --       ; rpi_a[1]       ; output ; TTL          ;         ; Y               ;
; 76       ; 75         ; --       ; rpi_a[0]       ; output ; TTL          ;         ; Y               ;
; 77       ; 76         ; --       ; rpi_a[3]       ; output ; TTL          ;         ; Y               ;
; 78       ; 77         ; --       ; VCCIO          ; power  ;              ; 5.0V    ;                 ;
; 79       ; 78         ; --       ; rpi_d[7]       ; bidir  ; TTL          ;         ; Y               ;
; 80       ; 79         ; --       ; rpi_d[5]       ; bidir  ; TTL          ;         ; Y               ;
; 81       ; 80         ; --       ; rpi_d[6]       ; bidir  ; TTL          ;         ; Y               ;
; 82       ; 81         ; --       ; GND            ; gnd    ;              ;         ;                 ;
; 83       ; 82         ; --       ; GND+           ;        ;              ;         ;                 ;
; 84       ; 83         ; --       ; GND+           ;        ;              ;         ;                 ;
+----------+------------+----------+----------------+--------+--------------+---------+-----------------+
Note: Pin directions (input, output or bidir) are based on device operating in user mode.


+-----------------------------------------------+
; Output Pin Default Load For Reported TCO      ;
+--------------+-------+------------------------+
; I/O Standard ; Load  ; Termination Resistance ;
+--------------+-------+------------------------+
; 3.3-V LVTTL  ; 10 pF ; Not Available          ;
; 3.3-V LVCMOS ; 10 pF ; Not Available          ;
; TTL          ; 10 pF ; Not Available          ;
+--------------+-------+------------------------+
Note: User assignments will override these defaults. The user specified values are listed in the Output Pins and Bidir Pins tables.


+-------------------------------------------------------------------------------------+
; Fitter Resource Utilization by Entity                                               ;
+----------------------------+------------+------+---------------------+--------------+
; Compilation Hierarchy Node ; Macrocells ; Pins ; Full Hierarchy Name ; Library Name ;
+----------------------------+------------+------+---------------------+--------------+
; |MSXPi2                    ; 37         ; 64   ; |MSXPi2             ; work         ;
+----------------------------+------------+------+---------------------+--------------+


+--------------------------------------------------------------------------------------------------------+
; Control Signals                                                                                        ;
+-----------------+----------+---------+--------------+--------+----------------------+------------------+
; Name            ; Location ; Fan-Out ; Usage        ; Global ; Global Resource Used ; Global Line Name ;
+-----------------+----------+---------+--------------+--------+----------------------+------------------+
; RD_n            ; PIN_49   ; 20      ; Clock        ; no     ; --                   ; --               ;
; SLTSL           ; PIN_52   ; 20      ; Clock        ; no     ; --                   ; --               ;
; msxpi_select~21 ; SEXP88   ; 3       ; Clock        ; no     ; --                   ; --               ;
; msxpi_select~22 ; SEXP85   ; 3       ; Clock        ; no     ; --                   ; --               ;
; msxpi_select~23 ; SEXP83   ; 3       ; Clock        ; no     ; --                   ; --               ;
; msxpi_select~78 ; SEXP5    ; 6       ; Clock        ; no     ; --                   ; --               ;
; msxpi_select~79 ; SEXP6    ; 6       ; Clock        ; no     ; --                   ; --               ;
; msxpi_select~80 ; SEXP8    ; 6       ; Clock        ; no     ; --                   ; --               ;
; msxpi_select~81 ; SEXP97   ; 6       ; Clock        ; no     ; --                   ; --               ;
; msxpi_select~82 ; SEXP99   ; 6       ; Clock        ; no     ; --                   ; --               ;
; msxpi_select~83 ; SEXP101  ; 6       ; Clock        ; no     ; --                   ; --               ;
; msxpi_select~84 ; SEXP115  ; 4       ; Clock        ; no     ; --                   ; --               ;
; msxpi_select~85 ; SEXP118  ; 4       ; Clock        ; no     ; --                   ; --               ;
; msxpi_select~86 ; SEXP120  ; 4       ; Clock        ; no     ; --                   ; --               ;
; process_0~1sexp ; SEXP3    ; 7       ; Async. clear ; no     ; --                   ; --               ;
; process_0~4     ; SEXP91   ; 2       ; Async. clear ; no     ; --                   ; --               ;
+-----------------+----------+---------+--------------+--------+----------------------+------------------+


+---------------------------------+
; Non-Global High Fan-Out Signals ;
+-----------------+---------------+
; Name            ; Fan-Out       ;
+-----------------+---------------+
; rpi_rdy         ; 31            ;
; rpi_on          ; 30            ;
; SLTSL           ; 20            ;
; RD_n            ; 20            ;
; A[15]           ; 13            ;
; A[14]           ; 13            ;
; D~20            ; 8             ;
; process_0~1sexp ; 7             ;
; process_0~5     ; 6             ;
; msxpi_select~83 ; 6             ;
; msxpi_select~82 ; 6             ;
; msxpi_select~81 ; 6             ;
; msxpi_select~80 ; 6             ;
; msxpi_select~79 ; 6             ;
; msxpi_select~78 ; 6             ;
; A[13]           ; 6             ;
; A[12]           ; 6             ;
; process_0~7     ; 4             ;
; process_0~6     ; 4             ;
; msxpi_select~86 ; 4             ;
; msxpi_select~85 ; 4             ;
; msxpi_select~84 ; 4             ;
; process_0~8     ; 3             ;
; msxpi_select~23 ; 3             ;
; msxpi_select~22 ; 3             ;
; msxpi_select~21 ; 3             ;
; process_0~4     ; 2             ;
; rpi_d_s[7]~62   ; 2             ;
; rpi_d_s[6]~58   ; 2             ;
; rpi_d_s[5]~54   ; 2             ;
; rpi_d_s[4]~50   ; 2             ;
; rpi_d_s[3]~46   ; 2             ;
; rpi_d_s[2]~42   ; 2             ;
; rpi_d_s[1]~38   ; 2             ;
; rpi_d_s[0]~34   ; 2             ;
; wr_s            ; 2             ;
; a_s[0]          ; 2             ;
; io_s            ; 2             ;
; a_s[1]          ; 2             ;
; a_s[2]          ; 2             ;
; a_s[3]          ; 2             ;
; a_s[4]          ; 2             ;
; a_s[5]          ; 2             ;
; a_s[6]          ; 2             ;
; a_s[7]          ; 2             ;
; a_s[8]          ; 2             ;
; a_s[9]          ; 2             ;
; a_s[10]         ; 2             ;
; a_s[11]         ; 2             ;
; a_s[12]         ; 2             ;
; a_s[13]         ; 2             ;
; rpi_d[7]~7      ; 1             ;
; rpi_d[6]~6      ; 1             ;
; rpi_d[5]~5      ; 1             ;
; rpi_d[4]~4      ; 1             ;
; rpi_d[3]~3      ; 1             ;
; rpi_d[2]~2      ; 1             ;
; rpi_d[1]~1      ; 1             ;
; rpi_d[0]~0      ; 1             ;
; IORQ_n          ; 1             ;
; WR_n            ; 1             ;
; A[11]           ; 1             ;
; A[10]           ; 1             ;
; A[9]            ; 1             ;
; A[8]            ; 1             ;
; A[7]            ; 1             ;
; A[6]            ; 1             ;
; A[5]            ; 1             ;
; A[4]            ; 1             ;
; A[3]            ; 1             ;
; A[2]            ; 1             ;
; A[1]            ; 1             ;
; A[0]            ; 1             ;
; ~VCC~8          ; 1             ;
; ~VCC~7          ; 1             ;
; ~VCC~6          ; 1             ;
; ~VCC~5          ; 1             ;
; ~VCC~4          ; 1             ;
; ~VCC~3          ; 1             ;
; ~VCC~2          ; 1             ;
; ~VCC~1          ; 1             ;
; ~VCC~0          ; 1             ;
; wait_n_s~en     ; 1             ;
; cs_s            ; 1             ;
; wait_n_s        ; 1             ;
+-----------------+---------------+


+-------------------------------------------------+
; Other Routing Usage Summary                     ;
+-----------------------------+-------------------+
; Other Routing Resource Type ; Usage             ;
+-----------------------------+-------------------+
; Output enables              ; 2 / 6 ( 33 % )    ;
; PIA buffers                 ; 73 / 288 ( 25 % ) ;
; PIAs                        ; 82 / 288 ( 28 % ) ;
+-----------------------------+-------------------+


+-----------------------------------------------------------------------------+
; LAB External Interconnect                                                   ;
+-----------------------------------------------+-----------------------------+
; LAB External Interconnects  (Average = 10.25) ; Number of LABs  (Total = 6) ;
+-----------------------------------------------+-----------------------------+
; 0 - 1                                         ; 2                           ;
; 2 - 3                                         ; 0                           ;
; 4 - 5                                         ; 0                           ;
; 6 - 7                                         ; 0                           ;
; 8 - 9                                         ; 1                           ;
; 10 - 11                                       ; 2                           ;
; 12 - 13                                       ; 0                           ;
; 14 - 15                                       ; 0                           ;
; 16 - 17                                       ; 1                           ;
; 18 - 19                                       ; 2                           ;
+-----------------------------------------------+-----------------------------+


+----------------------------------------------------------------------+
; LAB Macrocells                                                       ;
+----------------------------------------+-----------------------------+
; Number of Macrocells  (Average = 4.63) ; Number of LABs  (Total = 7) ;
+----------------------------------------+-----------------------------+
; 0                                      ; 1                           ;
; 1                                      ; 1                           ;
; 2                                      ; 0                           ;
; 3                                      ; 1                           ;
; 4                                      ; 1                           ;
; 5                                      ; 0                           ;
; 6                                      ; 0                           ;
; 7                                      ; 3                           ;
; 8                                      ; 1                           ;
+----------------------------------------+-----------------------------+


+-------------------------------------------------------------------------------+
; Shareable Expander                                                            ;
+-------------------------------------------------+-----------------------------+
; Number of shareable expanders  (Average = 2.25) ; Number of LABs  (Total = 6) ;
+-------------------------------------------------+-----------------------------+
; 0                                               ; 2                           ;
; 1                                               ; 2                           ;
; 2                                               ; 0                           ;
; 3                                               ; 0                           ;
; 4                                               ; 4                           ;
+-------------------------------------------------+-----------------------------+


+--------------------------------------------------------------------------------------------------------------------------------------------------------------------------------------+
; Logic Cell Interconnection                                                                                                                                                           ;
+-----+------------+------------------------------------------------------------------------------------------------------------------+------------------------------------------------+
; LAB ; Logic Cell ; Input                                                                                                            ; Output                                         ;
+-----+------------+------------------------------------------------------------------------------------------------------------------+------------------------------------------------+
;  A  ; LC5        ; msxpi_select~78, msxpi_select~79, RD_n, SLTSL, msxpi_select~80, process_0~1sexp                                  ; rpi_cs                                         ;
;  A  ; LC3        ; rpi_d[7], rpi_d_s[7]~62, process_0~1sexp, rpi_rdy, rpi_on                                                        ; rpi_d_s[7]~62, D[7]                            ;
;  A  ; LC8        ; A[12], a_s[12], msxpi_select~78, msxpi_select~79, RD_n, SLTSL, msxpi_select~80, rpi_rdy, rpi_on, process_0~1sexp ; a_s[12], rpi_a[12]                             ;
;  A  ; LC11       ; A[11], a_s[11], msxpi_select~78, msxpi_select~79, RD_n, SLTSL, msxpi_select~80, rpi_rdy, rpi_on, process_0~1sexp ; a_s[11], rpi_a[11]                             ;
;  A  ; LC13       ; A[8], a_s[8], msxpi_select~78, msxpi_select~79, RD_n, SLTSL, msxpi_select~80, rpi_rdy, rpi_on, process_0~1sexp   ; a_s[8], rpi_a[8]                               ;
;  A  ; LC14       ; A[5], a_s[5], msxpi_select~78, msxpi_select~79, RD_n, SLTSL, msxpi_select~80, rpi_rdy, rpi_on, process_0~1sexp   ; a_s[5], rpi_a[5]                               ;
;  A  ; LC16       ; A[4], a_s[4], msxpi_select~78, msxpi_select~79, RD_n, SLTSL, msxpi_select~80, rpi_rdy, rpi_on, process_0~1sexp   ; a_s[4], rpi_a[4]                               ;
;  A  ; LC6        ;                                                                                                                  ; rpi_d[0]                                       ;
;  B  ; LC25       ; rpi_d[1], rpi_d_s[1]~38, process_0~8, rpi_rdy, rpi_on                                                            ; rpi_d_s[1]~38, D[1]                            ;
;  B  ; LC29       ; rpi_d[5], rpi_d_s[5]~54, process_0~8, rpi_rdy, rpi_on                                                            ; rpi_d_s[5]~54, D[5]                            ;
;  B  ; LC27       ; rpi_d[3], rpi_d_s[3]~46, process_0~8, rpi_rdy, rpi_on                                                            ; rpi_d_s[3]~46, D[3]                            ;
;  D  ; LC59       ; rpi_d[2], rpi_d_s[2]~42, process_0~7, rpi_rdy, rpi_on                                                            ; rpi_d_s[2]~42, D[2]                            ;
;  D  ; LC64       ; rpi_d[6], rpi_d_s[6]~58, process_0~7, rpi_rdy, rpi_on                                                            ; rpi_d_s[6]~58, D[6]                            ;
;  D  ; LC61       ; rpi_d[4], rpi_d_s[4]~50, process_0~7, rpi_rdy, rpi_on                                                            ; rpi_d_s[4]~50, D[4]                            ;
;  D  ; LC57       ; rpi_d[0], rpi_d_s[0]~34, process_0~7, rpi_rdy, rpi_on                                                            ; rpi_d_s[0]~34, D[0]                            ;
;  E  ; LC77       ;                                                                                                                  ; BDIR                                           ;
;  F  ; LC96       ; msxpi_select~21, msxpi_select~22, RD_n, SLTSL, msxpi_select~23, process_0~4                                      ; WAIT_n                                         ;
;  F  ; LC93       ; A[6], a_s[6], msxpi_select~21, msxpi_select~22, RD_n, SLTSL, msxpi_select~23, rpi_rdy, rpi_on, process_0~4       ; a_s[6], rpi_a[6]                               ;
;  F  ; LC85       ; A[14], RD_n, SLTSL, A[15], A[12], A[13], rpi_rdy                                                                 ; D[0], D[1], D[2], D[3], D[4], D[5], D[6], D[7] ;
;  F  ; LC83       ; msxpi_select~21, msxpi_select~22, RD_n, SLTSL, msxpi_select~23                                                   ; WAIT_n                                         ;
;  F  ; LC88       ;                                                                                                                  ; rpi_d[2]                                       ;
;  F  ; LC91       ;                                                                                                                  ; rpi_d[3]                                       ;
;  F  ; LC94       ;                                                                                                                  ; rpi_d[4]                                       ;
;  G  ; LC97       ; A[7], a_s[7], msxpi_select~81, msxpi_select~82, RD_n, SLTSL, msxpi_select~83, rpi_rdy, rpi_on, process_0~5       ; a_s[7], rpi_a[7]                               ;
;  G  ; LC101      ; A[9], a_s[9], msxpi_select~81, msxpi_select~82, RD_n, SLTSL, msxpi_select~83, rpi_rdy, rpi_on, process_0~5       ; a_s[9], rpi_a[9]                               ;
;  G  ; LC99       ; A[10], a_s[10], msxpi_select~81, msxpi_select~82, RD_n, SLTSL, msxpi_select~83, rpi_rdy, rpi_on, process_0~5     ; a_s[10], rpi_a[10]                             ;
;  G  ; LC107      ; A[13], a_s[13], msxpi_select~81, msxpi_select~82, RD_n, SLTSL, msxpi_select~83, rpi_rdy, rpi_on, process_0~5     ; a_s[13], rpi_a[13]                             ;
;  G  ; LC105      ; WR_n, wr_s, msxpi_select~81, msxpi_select~82, RD_n, SLTSL, msxpi_select~83, rpi_rdy, rpi_on, process_0~5         ; wr_s, rpi_wr                                   ;
;  G  ; LC104      ;                                                                                                                  ; rpi_d[1]                                       ;
;  G  ; LC109      ; IORQ_n, io_s, msxpi_select~81, msxpi_select~82, RD_n, SLTSL, msxpi_select~83, rpi_rdy, rpi_on, process_0~5       ; io_s, rpi_io                                   ;
;  H  ; LC123      ; A[3], a_s[3], msxpi_select~84, msxpi_select~85, RD_n, SLTSL, msxpi_select~86, rpi_rdy, rpi_on, process_0~6       ; a_s[3], rpi_a[3]                               ;
;  H  ; LC118      ; A[1], a_s[1], msxpi_select~84, msxpi_select~85, RD_n, SLTSL, msxpi_select~86, rpi_rdy, rpi_on, process_0~6       ; a_s[1], rpi_a[1]                               ;
;  H  ; LC115      ; A[2], a_s[2], msxpi_select~84, msxpi_select~85, RD_n, SLTSL, msxpi_select~86, rpi_rdy, rpi_on, process_0~6       ; a_s[2], rpi_a[2]                               ;
;  H  ; LC126      ;                                                                                                                  ; rpi_d[5]                                       ;
;  H  ; LC128      ;                                                                                                                  ; rpi_d[6]                                       ;
;  H  ; LC125      ;                                                                                                                  ; rpi_d[7]                                       ;
;  H  ; LC120      ; A[0], a_s[0], msxpi_select~84, msxpi_select~85, RD_n, SLTSL, msxpi_select~86, rpi_rdy, rpi_on, process_0~6       ; a_s[0], rpi_a[0]                               ;
+-----+------------+------------------------------------------------------------------------------------------------------------------+------------------------------------------------+


+---------------------------------------------------------------+
; Fitter Device Options                                         ;
+----------------------------------------------+----------------+
; Option                                       ; Setting        ;
+----------------------------------------------+----------------+
; Enable user-supplied start-up clock (CLKUSR) ; Off            ;
; Enable device-wide reset (DEV_CLRn)          ; Off            ;
; Enable device-wide output enable (DEV_OE)    ; Off            ;
; Enable INIT_DONE output                      ; Off            ;
; Configuration scheme                         ; Passive Serial ;
; Security bit                                 ; Off            ;
; Base pin-out file on sameframe device        ; Off            ;
+----------------------------------------------+----------------+


+-----------------+
; Fitter Messages ;
+-----------------+
Warning (20028): Parallel compilation is not licensed and has been disabled
Info (119006): Selected device EPM7128SLC84-15 for design "MSXPi2"
Warning (15705): Ignored locations or region assignments to the following nodes
    Warning (15706): Node "rpi_off" is assigned to location or region, but does not exist in design
Info: Quartus II 64-Bit Fitter was successful. 0 errors, 3 warnings
    Info: Peak virtual memory: 459 megabytes
    Info: Processing ended: Tue Jul 07 10:40:17 2020
    Info: Elapsed time: 00:00:05
    Info: Total CPU time (on all processors): 00:00:04


