Fitter report for MSXPi2
Fri Jul 03 23:56:18 2020
Quartus II 64-Bit Version 13.0.1 Build 232 06/12/2013 Service Pack 1 SJ Web Edition


---------------------
; Table of Contents ;
---------------------
  1. Legal Notice
  2. Fitter Summary
  3. Fitter Settings
  4. Parallel Compilation
  5. Pin-Out File
  6. Fitter Resource Usage Summary
  7. Input Pins
  8. Output Pins
  9. Bidir Pins
 10. All Package Pins
 11. Output Pin Default Load For Reported TCO
 12. Fitter Resource Utilization by Entity
 13. Non-Global High Fan-Out Signals
 14. Other Routing Usage Summary
 15. LAB External Interconnect
 16. LAB Macrocells
 17. Logic Cell Interconnection
 18. Fitter Device Options
 19. Fitter Messages



----------------
; Legal Notice ;
----------------
Copyright (C) 1991-2013 Altera Corporation
Your use of Altera Corporation's design tools, logic functions 
and other software and tools, and its AMPP partner logic 
functions, and any output files from any of the foregoing 
(including device programming or simulation files), and any 
associated documentation or information are expressly subject 
to the terms and conditions of the Altera Program License 
Subscription Agreement, Altera MegaCore Function License 
Agreement, or other applicable license agreement, including, 
without limitation, that your use is for the sole purpose of 
programming logic devices manufactured by Altera and sold by 
Altera or its authorized distributors.  Please refer to the 
applicable agreement for further details.



+-----------------------------------------------------------------------------+
; Fitter Summary                                                              ;
+---------------------------+-------------------------------------------------+
; Fitter Status             ; Successful - Fri Jul 03 23:56:18 2020           ;
; Quartus II 64-Bit Version ; 13.0.1 Build 232 06/12/2013 SP 1 SJ Web Edition ;
; Revision Name             ; MSXPi2                                          ;
; Top-level Entity Name     ; MSXPi2                                          ;
; Family                    ; MAX7000S                                        ;
; Device                    ; EPM7128SLC84-15                                 ;
; Timing Models             ; Final                                           ;
; Total macrocells          ; 36 / 128 ( 28 % )                               ;
; Total pins                ; 64 / 68 ( 94 % )                                ;
+---------------------------+-------------------------------------------------+


+--------------------------------------------------------------------------------------------------------------+
; Fitter Settings                                                                                              ;
+----------------------------------------------------------------------------+-----------------+---------------+
; Option                                                                     ; Setting         ; Default Value ;
+----------------------------------------------------------------------------+-----------------+---------------+
; Device                                                                     ; EPM7128SLC84-15 ;               ;
; Fitter Effort                                                              ; Standard Fit    ; Auto Fit      ;
; Use smart compilation                                                      ; Off             ; Off           ;
; Enable parallel Assembler and TimeQuest Timing Analyzer during compilation ; On              ; On            ;
; Enable compact report table                                                ; Off             ; Off           ;
; Optimize Multi-Corner Timing                                               ; Off             ; Off           ;
; Optimize Timing for ECOs                                                   ; Off             ; Off           ;
; Regenerate full fit report during ECO compiles                             ; Off             ; Off           ;
; Optimize IOC Register Placement for Timing                                 ; Normal          ; Normal        ;
; Fitter Initial Placement Seed                                              ; 1               ; 1             ;
; Slow Slew Rate                                                             ; Off             ; Off           ;
; Force Fitter to Avoid Periphery Placement Warnings                         ; Off             ; Off           ;
+----------------------------------------------------------------------------+-----------------+---------------+


Parallel compilation was disabled, but you have multiple processors available. Enable parallel compilation to reduce compilation time.
+-------------------------------------+
; Parallel Compilation                ;
+----------------------------+--------+
; Processors                 ; Number ;
+----------------------------+--------+
; Number detected on machine ; 16     ;
; Maximum allowed            ; 1      ;
+----------------------------+--------+


+--------------+
; Pin-Out File ;
+--------------+
The pin-out file can be found in C:/Users/Elite/Desktop/Dev/github/MSXPi2/hardware/CPLD Project/output_files/MSXPi2.pin.


+--------------------------------------------------+
; Fitter Resource Usage Summary                    ;
+------------------------------+-------------------+
; Resource                     ; Usage             ;
+------------------------------+-------------------+
; Logic cells                  ; 36 / 128 ( 28 % ) ;
; Registers                    ; 0 / 128 ( 0 % )   ;
; Number of pterms used        ; 19                ;
; I/O pins                     ; 64 / 68 ( 94 % )  ;
;     -- Clock pins            ; 0 / 2 ( 0 % )     ;
;     -- Dedicated input pins  ; 0 / 2 ( 0 % )     ;
;                              ;                   ;
; Global signals               ; 0                 ;
; Shareable expanders          ; 0 / 128 ( 0 % )   ;
; Parallel expanders           ; 0 / 120 ( 0 % )   ;
; Cells using turbo bit        ; 36 / 128 ( 28 % ) ;
; Maximum fan-out              ; 9                 ;
; Highest non-global fan-out   ; 9                 ;
; Total fan-out                ; 221               ;
; Average fan-out              ; 2.21              ;
+------------------------------+-------------------+


+-----------------------------------------------------------------------------------------------------------------------------------------------+
; Input Pins                                                                                                                                    ;
+---------+-------+----------+-----+-----------------------+--------------------+--------+----------------+--------------+----------------------+
; Name    ; Pin # ; I/O Bank ; LAB ; Combinational Fan-Out ; Registered Fan-Out ; Global ; Input Register ; I/O Standard ; Location assigned by ;
+---------+-------+----------+-----+-----------------------+--------------------+--------+----------------+--------------+----------------------+
; A[0]    ; 40    ; --       ; 4   ; 9                     ; 0                  ; no     ; no             ; TTL          ; User                 ;
; A[10]   ; 46    ; --       ; 5   ; 9                     ; 0                  ; no     ; no             ; TTL          ; User                 ;
; A[11]   ; 27    ; --       ; 3   ; 9                     ; 0                  ; no     ; no             ; TTL          ; User                 ;
; A[12]   ; 24    ; --       ; 3   ; 9                     ; 0                  ; no     ; no             ; TTL          ; User                 ;
; A[13]   ; 41    ; --       ; 4   ; 9                     ; 0                  ; no     ; no             ; TTL          ; User                 ;
; A[14]   ; 22    ; --       ; 2   ; 9                     ; 0                  ; no     ; no             ; TTL          ; User                 ;
; A[15]   ; 48    ; --       ; 5   ; 9                     ; 0                  ; no     ; no             ; TTL          ; User                 ;
; A[1]    ; 21    ; --       ; 2   ; 9                     ; 0                  ; no     ; no             ; TTL          ; User                 ;
; A[2]    ; 39    ; --       ; 4   ; 9                     ; 0                  ; no     ; no             ; TTL          ; User                 ;
; A[3]    ; 20    ; --       ; 2   ; 9                     ; 0                  ; no     ; no             ; TTL          ; User                 ;
; A[4]    ; 37    ; --       ; 4   ; 9                     ; 0                  ; no     ; no             ; TTL          ; User                 ;
; A[5]    ; 18    ; --       ; 2   ; 9                     ; 0                  ; no     ; no             ; TTL          ; User                 ;
; A[6]    ; 45    ; --       ; 5   ; 9                     ; 0                  ; no     ; no             ; TTL          ; User                 ;
; A[7]    ; 25    ; --       ; 3   ; 9                     ; 0                  ; no     ; no             ; TTL          ; User                 ;
; A[8]    ; 44    ; --       ; 5   ; 9                     ; 0                  ; no     ; no             ; TTL          ; User                 ;
; A[9]    ; 28    ; --       ; 3   ; 9                     ; 0                  ; no     ; no             ; TTL          ; User                 ;
; GPIO_23 ; 68    ; --       ; 7   ; 0                     ; 0                  ; no     ; no             ; TTL          ; User                 ;
; GPIO_24 ; 70    ; --       ; 7   ; 0                     ; 0                  ; no     ; no             ; TTL          ; User                 ;
; GPIO_25 ; 74    ; --       ; 8   ; 0                     ; 0                  ; no     ; no             ; TTL          ; User                 ;
; GPIO_26 ; 10    ; --       ; 1   ; 0                     ; 0                  ; no     ; no             ; TTL          ; User                 ;
; GPIO_27 ; 67    ; --       ; 7   ; 0                     ; 0                  ; no     ; no             ; TTL          ; User                 ;
; IORQ_n  ; 30    ; --       ; 3   ; 7                     ; 0                  ; no     ; no             ; TTL          ; User                 ;
; M1      ; 31    ; --       ; 3   ; 0                     ; 0                  ; no     ; no             ; TTL          ; User                 ;
; MREQ_n  ; 50    ; --       ; 5   ; 9                     ; 0                  ; no     ; no             ; TTL          ; User                 ;
; RD_n    ; 49    ; --       ; 5   ; 8                     ; 0                  ; no     ; no             ; TTL          ; User                 ;
; SLTSL   ; 52    ; --       ; 5   ; 7                     ; 0                  ; no     ; no             ; TTL          ; User                 ;
; WR_n    ; 29    ; --       ; 3   ; 2                     ; 0                  ; no     ; no             ; TTL          ; User                 ;
+---------+-------+----------+-----+-----------------------+--------------------+--------+----------------+--------------+----------------------+


+------------------------------------------------------------------------------------------------------------------------------------------------------------------------------------------------+
; Output Pins                                                                                                                                                                                    ;
+------------+-------+----------+-----+-----------------+----------------+------------+---------------+--------------+----------------------+-------+----------------------+---------------------+
; Name       ; Pin # ; I/O Bank ; LAB ; Output Register ; Slow Slew Rate ; Open Drain ; TRI Primitive ; I/O Standard ; Location assigned by ; Load  ; Output Enable Source ; Output Enable Group ;
+------------+-------+----------+-----+-----------------+----------------+------------+---------------+--------------+----------------------+-------+----------------------+---------------------+
; BDIR       ; 51    ; --       ; 5   ; no              ; no             ; yes        ; no            ; TTL          ; User                 ; 10 pF ; -                    ; -                   ;
; GPIO_21    ; 11    ; --       ; 1   ; no              ; no             ; no         ; no            ; TTL          ; User                 ; 10 pF ; -                    ; -                   ;
; GPIO_A[0]  ; 76    ; --       ; 8   ; no              ; no             ; no         ; no            ; TTL          ; User                 ; 10 pF ; -                    ; -                   ;
; GPIO_A[10] ; 64    ; --       ; 7   ; no              ; no             ; no         ; no            ; TTL          ; User                 ; 10 pF ; -                    ; -                   ;
; GPIO_A[11] ; 8     ; --       ; 1   ; no              ; no             ; no         ; no            ; TTL          ; User                 ; 10 pF ; -                    ; -                   ;
; GPIO_A[12] ; 9     ; --       ; 1   ; no              ; no             ; no         ; no            ; TTL          ; User                 ; 10 pF ; -                    ; -                   ;
; GPIO_A[13] ; 69    ; --       ; 7   ; no              ; no             ; no         ; no            ; TTL          ; User                 ; 10 pF ; -                    ; -                   ;
; GPIO_A[1]  ; 75    ; --       ; 8   ; no              ; no             ; no         ; no            ; TTL          ; User                 ; 10 pF ; -                    ; -                   ;
; GPIO_A[2]  ; 73    ; --       ; 8   ; no              ; no             ; no         ; no            ; TTL          ; User                 ; 10 pF ; -                    ; -                   ;
; GPIO_A[3]  ; 77    ; --       ; 8   ; no              ; no             ; no         ; no            ; TTL          ; User                 ; 10 pF ; -                    ; -                   ;
; GPIO_A[4]  ; 4     ; --       ; 1   ; no              ; no             ; no         ; no            ; TTL          ; User                 ; 10 pF ; -                    ; -                   ;
; GPIO_A[5]  ; 5     ; --       ; 1   ; no              ; no             ; no         ; no            ; TTL          ; User                 ; 10 pF ; -                    ; -                   ;
; GPIO_A[6]  ; 60    ; --       ; 6   ; no              ; no             ; no         ; no            ; TTL          ; User                 ; 10 pF ; -                    ; -                   ;
; GPIO_A[7]  ; 63    ; --       ; 7   ; no              ; no             ; no         ; no            ; TTL          ; User                 ; 10 pF ; -                    ; -                   ;
; GPIO_A[8]  ; 6     ; --       ; 1   ; no              ; no             ; no         ; no            ; TTL          ; User                 ; 10 pF ; -                    ; -                   ;
; GPIO_A[9]  ; 65    ; --       ; 7   ; no              ; no             ; no         ; no            ; TTL          ; User                 ; 10 pF ; -                    ; -                   ;
; WAIT_n     ; 54    ; --       ; 6   ; no              ; no             ; yes        ; no            ; TTL          ; User                 ; 10 pF ; -                    ; -                   ;
+------------+-------+----------+-----+-----------------+----------------+------------+---------------+--------------+----------------------+-------+----------------------+---------------------+


+------------------------------------------------------------------------------------------------------------------------------------------------------------------------------------------------------------------------------------------------------+
; Bidir Pins                                                                                                                                                                                                                                           ;
+-----------+-------+----------+-----+-----------------------+--------------------+--------+----------------+-----------------+----------------+------------+--------------+----------------------+-------+----------------------+---------------------+
; Name      ; Pin # ; I/O Bank ; LAB ; Combinational Fan-Out ; Registered Fan-Out ; Global ; Input Register ; Output Register ; Slow Slew Rate ; Open Drain ; I/O Standard ; Location assigned by ; Load  ; Output Enable Source ; Output Enable Group ;
+-----------+-------+----------+-----+-----------------------+--------------------+--------+----------------+-----------------+----------------+------------+--------------+----------------------+-------+----------------------+---------------------+
; D[0]      ; 36    ; --       ; 4   ; 0                     ; 0                  ; no     ; no             ; no              ; no             ; no         ; TTL          ; User                 ; 10 pF ; d_s[7]~18            ; -                   ;
; D[1]      ; 17    ; --       ; 2   ; 0                     ; 0                  ; no     ; no             ; no              ; no             ; no         ; TTL          ; User                 ; 10 pF ; d_s[7]~18            ; -                   ;
; D[2]      ; 35    ; --       ; 4   ; 0                     ; 0                  ; no     ; no             ; no              ; no             ; no         ; TTL          ; User                 ; 10 pF ; d_s[7]~18            ; -                   ;
; D[3]      ; 16    ; --       ; 2   ; 0                     ; 0                  ; no     ; no             ; no              ; no             ; no         ; TTL          ; User                 ; 10 pF ; d_s[7]~18            ; -                   ;
; D[4]      ; 34    ; --       ; 4   ; 0                     ; 0                  ; no     ; no             ; no              ; no             ; no         ; TTL          ; User                 ; 10 pF ; d_s[7]~18            ; -                   ;
; D[5]      ; 15    ; --       ; 2   ; 0                     ; 0                  ; no     ; no             ; no              ; no             ; no         ; TTL          ; User                 ; 10 pF ; d_s[7]~18            ; -                   ;
; D[6]      ; 33    ; --       ; 4   ; 0                     ; 0                  ; no     ; no             ; no              ; no             ; no         ; TTL          ; User                 ; 10 pF ; d_s[7]~18            ; -                   ;
; D[7]      ; 12    ; --       ; 1   ; 0                     ; 0                  ; no     ; no             ; no              ; no             ; no         ; TTL          ; User                 ; 10 pF ; d_s[7]~18            ; -                   ;
; GPIO_D[0] ; 55    ; --       ; 6   ; 0                     ; 0                  ; no     ; no             ; no              ; no             ; yes        ; TTL          ; User                 ; 10 pF ; ~VCC~2 (inverted)    ; -                   ;
; GPIO_D[1] ; 56    ; --       ; 6   ; 0                     ; 0                  ; no     ; no             ; no              ; no             ; yes        ; TTL          ; User                 ; 10 pF ; ~VCC~3 (inverted)    ; -                   ;
; GPIO_D[2] ; 57    ; --       ; 6   ; 0                     ; 0                  ; no     ; no             ; no              ; no             ; yes        ; TTL          ; User                 ; 10 pF ; ~VCC~4 (inverted)    ; -                   ;
; GPIO_D[3] ; 58    ; --       ; 6   ; 0                     ; 0                  ; no     ; no             ; no              ; no             ; yes        ; TTL          ; User                 ; 10 pF ; ~VCC~5 (inverted)    ; -                   ;
; GPIO_D[4] ; 61    ; --       ; 6   ; 0                     ; 0                  ; no     ; no             ; no              ; no             ; yes        ; TTL          ; User                 ; 10 pF ; ~VCC~6 (inverted)    ; -                   ;
; GPIO_D[5] ; 80    ; --       ; 8   ; 0                     ; 0                  ; no     ; no             ; no              ; no             ; yes        ; TTL          ; User                 ; 10 pF ; ~VCC~7 (inverted)    ; -                   ;
; GPIO_D[6] ; 81    ; --       ; 8   ; 0                     ; 0                  ; no     ; no             ; no              ; no             ; yes        ; TTL          ; User                 ; 10 pF ; ~VCC~8 (inverted)    ; -                   ;
; GPIO_D[7] ; 79    ; --       ; 8   ; 0                     ; 0                  ; no     ; no             ; no              ; no             ; yes        ; TTL          ; User                 ; 10 pF ; ~VCC~9 (inverted)    ; -                   ;
+-----------+-------+----------+-----+-----------------------+--------------------+--------+----------------+-----------------+----------------+------------+--------------+----------------------+-------+----------------------+---------------------+


+-------------------------------------------------------------------------------------------------------+
; All Package Pins                                                                                      ;
+----------+------------+----------+----------------+--------+--------------+---------+-----------------+
; Location ; Pad Number ; I/O Bank ; Pin Name/Usage ; Dir.   ; I/O Standard ; Voltage ; User Assignment ;
+----------+------------+----------+----------------+--------+--------------+---------+-----------------+
; 1        ; 0          ; --       ; GND+           ;        ;              ;         ;                 ;
; 2        ; 1          ; --       ; GND+           ;        ;              ;         ;                 ;
; 3        ; 2          ; --       ; VCCINT         ; power  ;              ; 5.0V    ;                 ;
; 4        ; 3          ; --       ; GPIO_A[4]      ; output ; TTL          ;         ; Y               ;
; 5        ; 4          ; --       ; GPIO_A[5]      ; output ; TTL          ;         ; Y               ;
; 6        ; 5          ; --       ; GPIO_A[8]      ; output ; TTL          ;         ; Y               ;
; 7        ; 6          ; --       ; GND            ; gnd    ;              ;         ;                 ;
; 8        ; 7          ; --       ; GPIO_A[11]     ; output ; TTL          ;         ; Y               ;
; 9        ; 8          ; --       ; GPIO_A[12]     ; output ; TTL          ;         ; Y               ;
; 10       ; 9          ; --       ; GPIO_26        ; input  ; TTL          ;         ; Y               ;
; 11       ; 10         ; --       ; GPIO_21        ; output ; TTL          ;         ; Y               ;
; 12       ; 11         ; --       ; D[7]           ; bidir  ; TTL          ;         ; Y               ;
; 13       ; 12         ; --       ; VCCIO          ; power  ;              ; 5.0V    ;                 ;
; 14       ; 13         ; --       ; TDI            ; input  ; TTL          ;         ; N               ;
; 15       ; 14         ; --       ; D[5]           ; bidir  ; TTL          ;         ; Y               ;
; 16       ; 15         ; --       ; D[3]           ; bidir  ; TTL          ;         ; Y               ;
; 17       ; 16         ; --       ; D[1]           ; bidir  ; TTL          ;         ; Y               ;
; 18       ; 17         ; --       ; A[5]           ; input  ; TTL          ;         ; Y               ;
; 19       ; 18         ; --       ; GND            ; gnd    ;              ;         ;                 ;
; 20       ; 19         ; --       ; A[3]           ; input  ; TTL          ;         ; Y               ;
; 21       ; 20         ; --       ; A[1]           ; input  ; TTL          ;         ; Y               ;
; 22       ; 21         ; --       ; A[14]          ; input  ; TTL          ;         ; Y               ;
; 23       ; 22         ; --       ; TMS            ; input  ; TTL          ;         ; N               ;
; 24       ; 23         ; --       ; A[12]          ; input  ; TTL          ;         ; Y               ;
; 25       ; 24         ; --       ; A[7]           ; input  ; TTL          ;         ; Y               ;
; 26       ; 25         ; --       ; VCCIO          ; power  ;              ; 5.0V    ;                 ;
; 27       ; 26         ; --       ; A[11]          ; input  ; TTL          ;         ; Y               ;
; 28       ; 27         ; --       ; A[9]           ; input  ; TTL          ;         ; Y               ;
; 29       ; 28         ; --       ; WR_n           ; input  ; TTL          ;         ; Y               ;
; 30       ; 29         ; --       ; IORQ_n         ; input  ; TTL          ;         ; Y               ;
; 31       ; 30         ; --       ; M1             ; input  ; TTL          ;         ; Y               ;
; 32       ; 31         ; --       ; GND            ; gnd    ;              ;         ;                 ;
; 33       ; 32         ; --       ; D[6]           ; bidir  ; TTL          ;         ; Y               ;
; 34       ; 33         ; --       ; D[4]           ; bidir  ; TTL          ;         ; Y               ;
; 35       ; 34         ; --       ; D[2]           ; bidir  ; TTL          ;         ; Y               ;
; 36       ; 35         ; --       ; D[0]           ; bidir  ; TTL          ;         ; Y               ;
; 37       ; 36         ; --       ; A[4]           ; input  ; TTL          ;         ; Y               ;
; 38       ; 37         ; --       ; VCCIO          ; power  ;              ; 5.0V    ;                 ;
; 39       ; 38         ; --       ; A[2]           ; input  ; TTL          ;         ; Y               ;
; 40       ; 39         ; --       ; A[0]           ; input  ; TTL          ;         ; Y               ;
; 41       ; 40         ; --       ; A[13]          ; input  ; TTL          ;         ; Y               ;
; 42       ; 41         ; --       ; GND            ; gnd    ;              ;         ;                 ;
; 43       ; 42         ; --       ; VCCINT         ; power  ;              ; 5.0V    ;                 ;
; 44       ; 43         ; --       ; A[8]           ; input  ; TTL          ;         ; Y               ;
; 45       ; 44         ; --       ; A[6]           ; input  ; TTL          ;         ; Y               ;
; 46       ; 45         ; --       ; A[10]          ; input  ; TTL          ;         ; Y               ;
; 47       ; 46         ; --       ; GND            ; gnd    ;              ;         ;                 ;
; 48       ; 47         ; --       ; A[15]          ; input  ; TTL          ;         ; Y               ;
; 49       ; 48         ; --       ; RD_n           ; input  ; TTL          ;         ; Y               ;
; 50       ; 49         ; --       ; MREQ_n         ; input  ; TTL          ;         ; Y               ;
; 51       ; 50         ; --       ; BDIR           ; output ; TTL          ;         ; Y               ;
; 52       ; 51         ; --       ; SLTSL          ; input  ; TTL          ;         ; Y               ;
; 53       ; 52         ; --       ; VCCIO          ; power  ;              ; 5.0V    ;                 ;
; 54       ; 53         ; --       ; WAIT_n         ; output ; TTL          ;         ; Y               ;
; 55       ; 54         ; --       ; GPIO_D[0]      ; bidir  ; TTL          ;         ; Y               ;
; 56       ; 55         ; --       ; GPIO_D[1]      ; bidir  ; TTL          ;         ; Y               ;
; 57       ; 56         ; --       ; GPIO_D[2]      ; bidir  ; TTL          ;         ; Y               ;
; 58       ; 57         ; --       ; GPIO_D[3]      ; bidir  ; TTL          ;         ; Y               ;
; 59       ; 58         ; --       ; GND            ; gnd    ;              ;         ;                 ;
; 60       ; 59         ; --       ; GPIO_A[6]      ; output ; TTL          ;         ; Y               ;
; 61       ; 60         ; --       ; GPIO_D[4]      ; bidir  ; TTL          ;         ; Y               ;
; 62       ; 61         ; --       ; TCK            ; input  ; TTL          ;         ; N               ;
; 63       ; 62         ; --       ; GPIO_A[7]      ; output ; TTL          ;         ; Y               ;
; 64       ; 63         ; --       ; GPIO_A[10]     ; output ; TTL          ;         ; Y               ;
; 65       ; 64         ; --       ; GPIO_A[9]      ; output ; TTL          ;         ; Y               ;
; 66       ; 65         ; --       ; VCCIO          ; power  ;              ; 5.0V    ;                 ;
; 67       ; 66         ; --       ; GPIO_27        ; input  ; TTL          ;         ; Y               ;
; 68       ; 67         ; --       ; GPIO_23        ; input  ; TTL          ;         ; Y               ;
; 69       ; 68         ; --       ; GPIO_A[13]     ; output ; TTL          ;         ; Y               ;
; 70       ; 69         ; --       ; GPIO_24        ; input  ; TTL          ;         ; Y               ;
; 71       ; 70         ; --       ; TDO            ; output ; TTL          ;         ; N               ;
; 72       ; 71         ; --       ; GND            ; gnd    ;              ;         ;                 ;
; 73       ; 72         ; --       ; GPIO_A[2]      ; output ; TTL          ;         ; Y               ;
; 74       ; 73         ; --       ; GPIO_25        ; input  ; TTL          ;         ; Y               ;
; 75       ; 74         ; --       ; GPIO_A[1]      ; output ; TTL          ;         ; Y               ;
; 76       ; 75         ; --       ; GPIO_A[0]      ; output ; TTL          ;         ; Y               ;
; 77       ; 76         ; --       ; GPIO_A[3]      ; output ; TTL          ;         ; Y               ;
; 78       ; 77         ; --       ; VCCIO          ; power  ;              ; 5.0V    ;                 ;
; 79       ; 78         ; --       ; GPIO_D[7]      ; bidir  ; TTL          ;         ; Y               ;
; 80       ; 79         ; --       ; GPIO_D[5]      ; bidir  ; TTL          ;         ; Y               ;
; 81       ; 80         ; --       ; GPIO_D[6]      ; bidir  ; TTL          ;         ; Y               ;
; 82       ; 81         ; --       ; GND            ; gnd    ;              ;         ;                 ;
; 83       ; 82         ; --       ; GND+           ;        ;              ;         ;                 ;
; 84       ; 83         ; --       ; GND+           ;        ;              ;         ;                 ;
+----------+------------+----------+----------------+--------+--------------+---------+-----------------+
Note: Pin directions (input, output or bidir) are based on device operating in user mode.


+-----------------------------------------------+
; Output Pin Default Load For Reported TCO      ;
+--------------+-------+------------------------+
; I/O Standard ; Load  ; Termination Resistance ;
+--------------+-------+------------------------+
; 3.3-V LVTTL  ; 10 pF ; Not Available          ;
; 3.3-V LVCMOS ; 10 pF ; Not Available          ;
; TTL          ; 10 pF ; Not Available          ;
+--------------+-------+------------------------+
Note: User assignments will override these defaults. The user specified values are listed in the Output Pins and Bidir Pins tables.


+-------------------------------------------------------------------------------------+
; Fitter Resource Utilization by Entity                                               ;
+----------------------------+------------+------+---------------------+--------------+
; Compilation Hierarchy Node ; Macrocells ; Pins ; Full Hierarchy Name ; Library Name ;
+----------------------------+------------+------+---------------------+--------------+
; |MSXPi2                    ; 36         ; 64   ; |MSXPi2             ; work         ;
+----------------------------+------------+------+---------------------+--------------+


+---------------------------------+
; Non-Global High Fan-Out Signals ;
+----------------+----------------+
; Name           ; Fan-Out        ;
+----------------+----------------+
; MREQ_n         ; 9              ;
; A[15]          ; 9              ;
; A[14]          ; 9              ;
; A[13]          ; 9              ;
; A[12]          ; 9              ;
; A[11]          ; 9              ;
; A[10]          ; 9              ;
; A[9]           ; 9              ;
; A[8]           ; 9              ;
; A[7]           ; 9              ;
; A[6]           ; 9              ;
; A[5]           ; 9              ;
; A[4]           ; 9              ;
; A[3]           ; 9              ;
; A[2]           ; 9              ;
; A[1]           ; 9              ;
; A[0]           ; 9              ;
; RD_n           ; 8              ;
; d_s[7]~18      ; 8              ;
; SLTSL          ; 7              ;
; IORQ_n         ; 7              ;
; WR_n           ; 2              ;
; led_s~15       ; 2              ;
; comb~2sexp1bal ; 1              ;
; ~VCC~11        ; 1              ;
; ~VCC~10        ; 1              ;
; ~VCC~9         ; 1              ;
; ~VCC~8         ; 1              ;
; ~VCC~7         ; 1              ;
; ~VCC~6         ; 1              ;
; ~VCC~5         ; 1              ;
; ~VCC~4         ; 1              ;
; ~VCC~3         ; 1              ;
; ~VCC~2         ; 1              ;
; ~VCC~1         ; 1              ;
; ~VCC~0         ; 1              ;
; ~GND~13        ; 1              ;
; ~GND~12        ; 1              ;
; ~GND~11        ; 1              ;
; ~GND~10        ; 1              ;
; ~GND~9         ; 1              ;
; ~GND~8         ; 1              ;
; ~GND~7         ; 1              ;
; ~GND~6         ; 1              ;
; ~GND~5         ; 1              ;
; ~GND~4         ; 1              ;
; ~GND~3         ; 1              ;
; ~GND~2         ; 1              ;
; ~GND~1         ; 1              ;
; ~GND~0         ; 1              ;
; comb~3         ; 1              ;
; d_s[5]~35      ; 1              ;
; d_s[5]~31      ; 1              ;
; d_s[5]~25      ; 1              ;
; d_s~24         ; 1              ;
; d_s[5]~19      ; 1              ;
; d_s~14         ; 1              ;
+----------------+----------------+


+-------------------------------------------------+
; Other Routing Usage Summary                     ;
+-----------------------------+-------------------+
; Other Routing Resource Type ; Usage             ;
+-----------------------------+-------------------+
; Output enables              ; 1 / 6 ( 17 % )    ;
; PIA buffers                 ; 44 / 288 ( 15 % ) ;
; PIAs                        ; 44 / 288 ( 15 % ) ;
+-----------------------------+-------------------+


+----------------------------------------------------------------------------+
; LAB External Interconnect                                                  ;
+----------------------------------------------+-----------------------------+
; LAB External Interconnects  (Average = 5.50) ; Number of LABs  (Total = 3) ;
+----------------------------------------------+-----------------------------+
; 0 - 1                                        ; 5                           ;
; 2 - 3                                        ; 1                           ;
; 4 - 5                                        ; 0                           ;
; 6 - 7                                        ; 0                           ;
; 8 - 9                                        ; 0                           ;
; 10 - 11                                      ; 0                           ;
; 12 - 13                                      ; 0                           ;
; 14 - 15                                      ; 0                           ;
; 16 - 17                                      ; 0                           ;
; 18 - 19                                      ; 0                           ;
; 20 - 21                                      ; 2                           ;
+----------------------------------------------+-----------------------------+


+----------------------------------------------------------------------+
; LAB Macrocells                                                       ;
+----------------------------------------+-----------------------------+
; Number of Macrocells  (Average = 4.50) ; Number of LABs  (Total = 7) ;
+----------------------------------------+-----------------------------+
; 0                                      ; 1                           ;
; 1                                      ; 1                           ;
; 2                                      ; 0                           ;
; 3                                      ; 0                           ;
; 4                                      ; 2                           ;
; 5                                      ; 0                           ;
; 6                                      ; 1                           ;
; 7                                      ; 3                           ;
+----------------------------------------+-----------------------------+


+-------------------------------------------------------------------------------------------------------------------------------------------------------------------------------------------------------+
; Logic Cell Interconnection                                                                                                                                                                            ;
+-----+------------+-----------------------------------------------------------------------------------------------------------------------------------+------------------------------------------------+
; LAB ; Logic Cell ; Input                                                                                                                             ; Output                                         ;
+-----+------------+-----------------------------------------------------------------------------------------------------------------------------------+------------------------------------------------+
;  A  ; LC16       ;                                                                                                                                   ; GPIO_A[4]                                      ;
;  A  ; LC14       ;                                                                                                                                   ; GPIO_A[5]                                      ;
;  A  ; LC8        ;                                                                                                                                   ; GPIO_A[12]                                     ;
;  A  ; LC5        ; led_s~15, comb~3, comb~2sexp1bal                                                                                                  ; led_s~15, GPIO_21                              ;
;  A  ; LC11       ;                                                                                                                                   ; GPIO_A[11]                                     ;
;  A  ; LC13       ;                                                                                                                                   ; GPIO_A[8]                                      ;
;  A  ; LC3        ;                                                                                                                                   ; D[7]                                           ;
;  B  ; LC17       ; RD_n, MREQ_n, A[12], A[13], A[8], A[9], A[10], A[11], A[14], A[15], A[5], A[1], A[2], A[3], A[4], A[6], A[7], A[0], WR_n, IORQ_n  ; led_s~15                                       ;
;  B  ; LC19       ; SLTSL, A[12], A[13], A[8], A[9], A[10], A[11], A[14], A[15], MREQ_n, RD_n, A[0], A[5], A[1], A[2], A[3], A[4], A[6], A[7], IORQ_n ; D[0], D[3], D[4], D[5], D[7], D[1], D[2], D[6] ;
;  B  ; LC29       ; SLTSL, A[12], A[13], A[0], A[5], A[8], A[9], A[10], A[11], A[14], A[15], A[1], A[2], A[3], A[4], A[6], A[7], RD_n, MREQ_n, IORQ_n ; D[5]                                           ;
;  B  ; LC25       ; SLTSL, A[12], A[13], A[0], A[5], A[8], A[9], A[10], A[11], A[14], A[15], A[1], A[2], A[3], A[4], A[6], A[7], RD_n, MREQ_n, IORQ_n ; D[1]                                           ;
;  B  ; LC18       ; MREQ_n, A[12], A[13], A[8], A[9], A[10], A[11], A[14], A[15], A[0], A[5], A[1], A[2], A[3], A[4], A[6], A[7], WR_n, IORQ_n        ; led_s~15                                       ;
;  B  ; LC27       ;                                                                                                                                   ; D[3]                                           ;
;  D  ; LC57       ; SLTSL, A[12], A[13], A[0], A[5], A[8], A[9], A[10], A[11], A[14], A[15], A[1], A[2], A[3], A[4], A[6], A[7], RD_n, MREQ_n         ; D[0]                                           ;
;  D  ; LC64       ; SLTSL, A[12], A[13], A[8], A[9], A[10], A[11], A[14], A[15], MREQ_n, RD_n, A[0], A[5], A[1], A[2], A[3], A[4], A[6], A[7], IORQ_n ; D[6]                                           ;
;  D  ; LC59       ; SLTSL, A[12], A[13], A[8], A[9], A[10], A[11], A[14], A[15], MREQ_n, RD_n, A[0], A[5], A[1], A[2], A[3], A[4], A[6], A[7], IORQ_n ; D[2]                                           ;
;  D  ; LC61       ; SLTSL, A[12], A[13], A[0], A[5], A[8], A[9], A[10], A[11], A[14], A[15], A[1], A[2], A[3], A[4], A[6], A[7], RD_n, MREQ_n         ; D[4]                                           ;
;  E  ; LC77       ;                                                                                                                                   ; BDIR                                           ;
;  F  ; LC93       ;                                                                                                                                   ; GPIO_A[6]                                      ;
;  F  ; LC83       ;                                                                                                                                   ; WAIT_n                                         ;
;  F  ; LC85       ;                                                                                                                                   ; GPIO_D[0]                                      ;
;  F  ; LC86       ;                                                                                                                                   ; GPIO_D[1]                                      ;
;  F  ; LC88       ;                                                                                                                                   ; GPIO_D[2]                                      ;
;  F  ; LC91       ;                                                                                                                                   ; GPIO_D[3]                                      ;
;  F  ; LC94       ;                                                                                                                                   ; GPIO_D[4]                                      ;
;  G  ; LC99       ;                                                                                                                                   ; GPIO_A[10]                                     ;
;  G  ; LC97       ;                                                                                                                                   ; GPIO_A[7]                                      ;
;  G  ; LC107      ;                                                                                                                                   ; GPIO_A[13]                                     ;
;  G  ; LC101      ;                                                                                                                                   ; GPIO_A[9]                                      ;
;  H  ; LC120      ;                                                                                                                                   ; GPIO_A[0]                                      ;
;  H  ; LC118      ;                                                                                                                                   ; GPIO_A[1]                                      ;
;  H  ; LC126      ;                                                                                                                                   ; GPIO_D[5]                                      ;
;  H  ; LC128      ;                                                                                                                                   ; GPIO_D[6]                                      ;
;  H  ; LC125      ;                                                                                                                                   ; GPIO_D[7]                                      ;
;  H  ; LC123      ;                                                                                                                                   ; GPIO_A[3]                                      ;
;  H  ; LC115      ;                                                                                                                                   ; GPIO_A[2]                                      ;
+-----+------------+-----------------------------------------------------------------------------------------------------------------------------------+------------------------------------------------+


+---------------------------------------------------------------+
; Fitter Device Options                                         ;
+----------------------------------------------+----------------+
; Option                                       ; Setting        ;
+----------------------------------------------+----------------+
; Enable user-supplied start-up clock (CLKUSR) ; Off            ;
; Enable device-wide reset (DEV_CLRn)          ; Off            ;
; Enable device-wide output enable (DEV_OE)    ; Off            ;
; Enable INIT_DONE output                      ; Off            ;
; Configuration scheme                         ; Passive Serial ;
; Security bit                                 ; Off            ;
; Base pin-out file on sameframe device        ; Off            ;
+----------------------------------------------+----------------+


+-----------------+
; Fitter Messages ;
+-----------------+
Warning (20028): Parallel compilation is not licensed and has been disabled
Info (119006): Selected device EPM7128SLC84-15 for design "MSXPi2"
Info: Quartus II 64-Bit Fitter was successful. 0 errors, 1 warning
    Info: Peak virtual memory: 4684 megabytes
    Info: Processing ended: Fri Jul 03 23:56:18 2020
    Info: Elapsed time: 00:00:01
    Info: Total CPU time (on all processors): 00:00:01


