Fitter report for MSXPi2
Mon Jul 06 11:04:53 2020
Quartus II 64-Bit Version 13.0.1 Build 232 06/12/2013 Service Pack 1 SJ Web Edition


---------------------
; Table of Contents ;
---------------------
  1. Legal Notice
  2. Fitter Summary
  3. Fitter Settings
  4. Parallel Compilation
  5. Pin-Out File
  6. Fitter Resource Usage Summary
  7. Input Pins
  8. Output Pins
  9. Bidir Pins
 10. All Package Pins
 11. Output Pin Default Load For Reported TCO
 12. Fitter Resource Utilization by Entity
 13. Control Signals
 14. Non-Global High Fan-Out Signals
 15. Other Routing Usage Summary
 16. LAB External Interconnect
 17. LAB Macrocells
 18. Logic Cell Interconnection
 19. Fitter Device Options
 20. Fitter Messages



----------------
; Legal Notice ;
----------------
Copyright (C) 1991-2013 Altera Corporation
Your use of Altera Corporation's design tools, logic functions 
and other software and tools, and its AMPP partner logic 
functions, and any output files from any of the foregoing 
(including device programming or simulation files), and any 
associated documentation or information are expressly subject 
to the terms and conditions of the Altera Program License 
Subscription Agreement, Altera MegaCore Function License 
Agreement, or other applicable license agreement, including, 
without limitation, that your use is for the sole purpose of 
programming logic devices manufactured by Altera and sold by 
Altera or its authorized distributors.  Please refer to the 
applicable agreement for further details.



+-----------------------------------------------------------------------------+
; Fitter Summary                                                              ;
+---------------------------+-------------------------------------------------+
; Fitter Status             ; Successful - Mon Jul 06 11:04:53 2020           ;
; Quartus II 64-Bit Version ; 13.0.1 Build 232 06/12/2013 SP 1 SJ Web Edition ;
; Revision Name             ; MSXPi2                                          ;
; Top-level Entity Name     ; MSXPi2                                          ;
; Family                    ; MAX7000S                                        ;
; Device                    ; EPM7128SLC84-15                                 ;
; Timing Models             ; Final                                           ;
; Total macrocells          ; 38 / 128 ( 30 % )                               ;
; Total pins                ; 64 / 68 ( 94 % )                                ;
+---------------------------+-------------------------------------------------+


+--------------------------------------------------------------------------------------------------------------+
; Fitter Settings                                                                                              ;
+----------------------------------------------------------------------------+-----------------+---------------+
; Option                                                                     ; Setting         ; Default Value ;
+----------------------------------------------------------------------------+-----------------+---------------+
; Device                                                                     ; EPM7128SLC84-15 ;               ;
; Fitter Effort                                                              ; Standard Fit    ; Auto Fit      ;
; Use smart compilation                                                      ; Off             ; Off           ;
; Enable parallel Assembler and TimeQuest Timing Analyzer during compilation ; On              ; On            ;
; Enable compact report table                                                ; Off             ; Off           ;
; Optimize Multi-Corner Timing                                               ; Off             ; Off           ;
; Optimize Timing for ECOs                                                   ; Off             ; Off           ;
; Regenerate full fit report during ECO compiles                             ; Off             ; Off           ;
; Optimize IOC Register Placement for Timing                                 ; Normal          ; Normal        ;
; Fitter Initial Placement Seed                                              ; 1               ; 1             ;
; Slow Slew Rate                                                             ; Off             ; Off           ;
; Force Fitter to Avoid Periphery Placement Warnings                         ; Off             ; Off           ;
+----------------------------------------------------------------------------+-----------------+---------------+


Parallel compilation was disabled, but you have multiple processors available. Enable parallel compilation to reduce compilation time.
+-------------------------------------+
; Parallel Compilation                ;
+----------------------------+--------+
; Processors                 ; Number ;
+----------------------------+--------+
; Number detected on machine ; 2      ;
; Maximum allowed            ; 1      ;
+----------------------------+--------+


+--------------+
; Pin-Out File ;
+--------------+
The pin-out file can be found in F:/github/MSXPi2/hardware/CPLD Project/output_files/MSXPi2.pin.


+--------------------------------------------------+
; Fitter Resource Usage Summary                    ;
+------------------------------+-------------------+
; Resource                     ; Usage             ;
+------------------------------+-------------------+
; Logic cells                  ; 38 / 128 ( 30 % ) ;
; Registers                    ; 26 / 128 ( 20 % ) ;
; Number of pterms used        ; 98                ;
; I/O pins                     ; 64 / 68 ( 94 % )  ;
;     -- Clock pins            ; 0 / 2 ( 0 % )     ;
;     -- Dedicated input pins  ; 0 / 2 ( 0 % )     ;
;                              ;                   ;
; Global signals               ; 0                 ;
; Shareable expanders          ; 0 / 128 ( 0 % )   ;
; Parallel expanders           ; 0 / 120 ( 0 % )   ;
; Cells using turbo bit        ; 38 / 128 ( 30 % ) ;
; Maximum fan-out              ; 26                ;
; Highest non-global fan-out   ; 26                ;
; Total fan-out                ; 222               ;
; Average fan-out              ; 2.18              ;
+------------------------------+-------------------+


+-----------------------------------------------------------------------------------------------------------------------------------------------+
; Input Pins                                                                                                                                    ;
+---------+-------+----------+-----+-----------------------+--------------------+--------+----------------+--------------+----------------------+
; Name    ; Pin # ; I/O Bank ; LAB ; Combinational Fan-Out ; Registered Fan-Out ; Global ; Input Register ; I/O Standard ; Location assigned by ;
+---------+-------+----------+-----+-----------------------+--------------------+--------+----------------+--------------+----------------------+
; A[0]    ; 40    ; --       ; 4   ; 26                    ; 0                  ; no     ; no             ; TTL          ; User                 ;
; A[10]   ; 46    ; --       ; 5   ; 2                     ; 0                  ; no     ; no             ; TTL          ; User                 ;
; A[11]   ; 27    ; --       ; 3   ; 2                     ; 0                  ; no     ; no             ; TTL          ; User                 ;
; A[12]   ; 24    ; --       ; 3   ; 2                     ; 0                  ; no     ; no             ; TTL          ; User                 ;
; A[13]   ; 41    ; --       ; 4   ; 2                     ; 0                  ; no     ; no             ; TTL          ; User                 ;
; A[14]   ; 22    ; --       ; 2   ; 2                     ; 0                  ; no     ; no             ; TTL          ; User                 ;
; A[15]   ; 48    ; --       ; 5   ; 2                     ; 0                  ; no     ; no             ; TTL          ; User                 ;
; A[1]    ; 21    ; --       ; 2   ; 2                     ; 0                  ; no     ; no             ; TTL          ; User                 ;
; A[2]    ; 39    ; --       ; 4   ; 2                     ; 0                  ; no     ; no             ; TTL          ; User                 ;
; A[3]    ; 20    ; --       ; 2   ; 2                     ; 0                  ; no     ; no             ; TTL          ; User                 ;
; A[4]    ; 37    ; --       ; 4   ; 2                     ; 0                  ; no     ; no             ; TTL          ; User                 ;
; A[5]    ; 18    ; --       ; 2   ; 2                     ; 0                  ; no     ; no             ; TTL          ; User                 ;
; A[6]    ; 45    ; --       ; 5   ; 2                     ; 0                  ; no     ; no             ; TTL          ; User                 ;
; A[7]    ; 25    ; --       ; 3   ; 2                     ; 0                  ; no     ; no             ; TTL          ; User                 ;
; A[8]    ; 44    ; --       ; 5   ; 2                     ; 0                  ; no     ; no             ; TTL          ; User                 ;
; A[9]    ; 28    ; --       ; 3   ; 2                     ; 0                  ; no     ; no             ; TTL          ; User                 ;
; GPIO_1  ; 56    ; --       ; 6   ; 0                     ; 0                  ; no     ; no             ; TTL          ; User                 ;
; IORQ_n  ; 30    ; --       ; 3   ; 1                     ; 0                  ; no     ; no             ; TTL          ; User                 ;
; M1      ; 31    ; --       ; 3   ; 0                     ; 0                  ; no     ; no             ; TTL          ; User                 ;
; MREQ_n  ; 50    ; --       ; 5   ; 2                     ; 0                  ; no     ; no             ; TTL          ; User                 ;
; RD_n    ; 49    ; --       ; 5   ; 0                     ; 0                  ; no     ; no             ; TTL          ; User                 ;
; SLTSL   ; 52    ; --       ; 5   ; 1                     ; 0                  ; no     ; no             ; TTL          ; User                 ;
; WR_n    ; 29    ; --       ; 3   ; 26                    ; 0                  ; no     ; no             ; TTL          ; User                 ;
; rpi_on  ; 55    ; --       ; 6   ; 0                     ; 0                  ; no     ; no             ; TTL          ; Fitter               ;
; rpi_rdy ; 74    ; --       ; 8   ; 26                    ; 0                  ; no     ; no             ; TTL          ; User                 ;
+---------+-------+----------+-----+-----------------------+--------------------+--------+----------------+--------------+----------------------+


+-----------------------------------------------------------------------------------------------------------------------------------------------------------------------------------------------+
; Output Pins                                                                                                                                                                                   ;
+-----------+-------+----------+-----+-----------------+----------------+------------+---------------+--------------+----------------------+-------+----------------------+---------------------+
; Name      ; Pin # ; I/O Bank ; LAB ; Output Register ; Slow Slew Rate ; Open Drain ; TRI Primitive ; I/O Standard ; Location assigned by ; Load  ; Output Enable Source ; Output Enable Group ;
+-----------+-------+----------+-----+-----------------+----------------+------------+---------------+--------------+----------------------+-------+----------------------+---------------------+
; BDIR      ; 51    ; --       ; 5   ; no              ; no             ; yes        ; no            ; TTL          ; User                 ; 10 pF ; -                    ; -                   ;
; WAIT_n    ; 54    ; --       ; 6   ; no              ; no             ; yes        ; no            ; TTL          ; User                 ; 10 pF ; -                    ; -                   ;
; rpi_a[0]  ; 76    ; --       ; 8   ; no              ; no             ; no         ; no            ; TTL          ; User                 ; 10 pF ; -                    ; -                   ;
; rpi_a[10] ; 64    ; --       ; 7   ; no              ; no             ; no         ; no            ; TTL          ; User                 ; 10 pF ; -                    ; -                   ;
; rpi_a[11] ; 8     ; --       ; 1   ; no              ; no             ; no         ; no            ; TTL          ; User                 ; 10 pF ; -                    ; -                   ;
; rpi_a[12] ; 9     ; --       ; 1   ; no              ; no             ; no         ; no            ; TTL          ; User                 ; 10 pF ; -                    ; -                   ;
; rpi_a[13] ; 69    ; --       ; 7   ; no              ; no             ; no         ; no            ; TTL          ; User                 ; 10 pF ; -                    ; -                   ;
; rpi_a[1]  ; 75    ; --       ; 8   ; no              ; no             ; no         ; no            ; TTL          ; User                 ; 10 pF ; -                    ; -                   ;
; rpi_a[2]  ; 73    ; --       ; 8   ; no              ; no             ; no         ; no            ; TTL          ; User                 ; 10 pF ; -                    ; -                   ;
; rpi_a[3]  ; 77    ; --       ; 8   ; no              ; no             ; no         ; no            ; TTL          ; User                 ; 10 pF ; -                    ; -                   ;
; rpi_a[4]  ; 4     ; --       ; 1   ; no              ; no             ; no         ; no            ; TTL          ; User                 ; 10 pF ; -                    ; -                   ;
; rpi_a[5]  ; 5     ; --       ; 1   ; no              ; no             ; no         ; no            ; TTL          ; User                 ; 10 pF ; -                    ; -                   ;
; rpi_a[6]  ; 60    ; --       ; 6   ; no              ; no             ; no         ; no            ; TTL          ; User                 ; 10 pF ; -                    ; -                   ;
; rpi_a[7]  ; 63    ; --       ; 7   ; no              ; no             ; no         ; no            ; TTL          ; User                 ; 10 pF ; -                    ; -                   ;
; rpi_a[8]  ; 6     ; --       ; 1   ; no              ; no             ; no         ; no            ; TTL          ; User                 ; 10 pF ; -                    ; -                   ;
; rpi_a[9]  ; 65    ; --       ; 7   ; no              ; no             ; no         ; no            ; TTL          ; User                 ; 10 pF ; -                    ; -                   ;
; rpi_cs    ; 11    ; --       ; 1   ; no              ; no             ; no         ; no            ; TTL          ; User                 ; 10 pF ; -                    ; -                   ;
; rpi_io    ; 70    ; --       ; 7   ; no              ; no             ; no         ; no            ; TTL          ; User                 ; 10 pF ; -                    ; -                   ;
; rpi_wr    ; 68    ; --       ; 7   ; no              ; no             ; no         ; no            ; TTL          ; User                 ; 10 pF ; -                    ; -                   ;
+-----------+-------+----------+-----+-----------------+----------------+------------+---------------+--------------+----------------------+-------+----------------------+---------------------+


+-----------------------------------------------------------------------------------------------------------------------------------------------------------------------------------------------------------------------------------------------------+
; Bidir Pins                                                                                                                                                                                                                                          ;
+----------+-------+----------+-----+-----------------------+--------------------+--------+----------------+-----------------+----------------+------------+--------------+----------------------+-------+----------------------+---------------------+
; Name     ; Pin # ; I/O Bank ; LAB ; Combinational Fan-Out ; Registered Fan-Out ; Global ; Input Register ; Output Register ; Slow Slew Rate ; Open Drain ; I/O Standard ; Location assigned by ; Load  ; Output Enable Source ; Output Enable Group ;
+----------+-------+----------+-----+-----------------------+--------------------+--------+----------------+-----------------+----------------+------------+--------------+----------------------+-------+----------------------+---------------------+
; D[0]     ; 36    ; --       ; 4   ; 1                     ; 0                  ; no     ; no             ; no              ; no             ; no         ; TTL          ; User                 ; 10 pF ; msxpi_read_rom~0     ; -                   ;
; D[1]     ; 17    ; --       ; 2   ; 1                     ; 0                  ; no     ; no             ; no              ; no             ; no         ; TTL          ; User                 ; 10 pF ; msxpi_read_rom~0     ; -                   ;
; D[2]     ; 35    ; --       ; 4   ; 1                     ; 0                  ; no     ; no             ; no              ; no             ; no         ; TTL          ; User                 ; 10 pF ; msxpi_read_rom~0     ; -                   ;
; D[3]     ; 16    ; --       ; 2   ; 1                     ; 0                  ; no     ; no             ; no              ; no             ; no         ; TTL          ; User                 ; 10 pF ; msxpi_read_rom~0     ; -                   ;
; D[4]     ; 34    ; --       ; 4   ; 1                     ; 0                  ; no     ; no             ; no              ; no             ; no         ; TTL          ; User                 ; 10 pF ; msxpi_read_rom~0     ; -                   ;
; D[5]     ; 15    ; --       ; 2   ; 1                     ; 0                  ; no     ; no             ; no              ; no             ; no         ; TTL          ; User                 ; 10 pF ; msxpi_read_rom~0     ; -                   ;
; D[6]     ; 33    ; --       ; 4   ; 1                     ; 0                  ; no     ; no             ; no              ; no             ; no         ; TTL          ; User                 ; 10 pF ; msxpi_read_rom~0     ; -                   ;
; D[7]     ; 12    ; --       ; 1   ; 1                     ; 0                  ; no     ; no             ; no              ; no             ; no         ; TTL          ; User                 ; 10 pF ; msxpi_read_rom~0     ; -                   ;
; rpi_d[0] ; 10    ; --       ; 1   ; 0                     ; 0                  ; no     ; no             ; no              ; no             ; no         ; TTL          ; User                 ; 10 pF ; -                    ; -                   ;
; rpi_d[1] ; 67    ; --       ; 7   ; 0                     ; 0                  ; no     ; no             ; no              ; no             ; no         ; TTL          ; User                 ; 10 pF ; -                    ; -                   ;
; rpi_d[2] ; 57    ; --       ; 6   ; 0                     ; 0                  ; no     ; no             ; no              ; no             ; no         ; TTL          ; User                 ; 10 pF ; -                    ; -                   ;
; rpi_d[3] ; 58    ; --       ; 6   ; 0                     ; 0                  ; no     ; no             ; no              ; no             ; no         ; TTL          ; User                 ; 10 pF ; -                    ; -                   ;
; rpi_d[4] ; 61    ; --       ; 6   ; 0                     ; 0                  ; no     ; no             ; no              ; no             ; no         ; TTL          ; User                 ; 10 pF ; -                    ; -                   ;
; rpi_d[5] ; 80    ; --       ; 8   ; 0                     ; 0                  ; no     ; no             ; no              ; no             ; no         ; TTL          ; User                 ; 10 pF ; -                    ; -                   ;
; rpi_d[6] ; 81    ; --       ; 8   ; 0                     ; 0                  ; no     ; no             ; no              ; no             ; no         ; TTL          ; User                 ; 10 pF ; -                    ; -                   ;
; rpi_d[7] ; 79    ; --       ; 8   ; 0                     ; 0                  ; no     ; no             ; no              ; no             ; no         ; TTL          ; User                 ; 10 pF ; -                    ; -                   ;
+----------+-------+----------+-----+-----------------------+--------------------+--------+----------------+-----------------+----------------+------------+--------------+----------------------+-------+----------------------+---------------------+


+-------------------------------------------------------------------------------------------------------+
; All Package Pins                                                                                      ;
+----------+------------+----------+----------------+--------+--------------+---------+-----------------+
; Location ; Pad Number ; I/O Bank ; Pin Name/Usage ; Dir.   ; I/O Standard ; Voltage ; User Assignment ;
+----------+------------+----------+----------------+--------+--------------+---------+-----------------+
; 1        ; 0          ; --       ; GND+           ;        ;              ;         ;                 ;
; 2        ; 1          ; --       ; GND+           ;        ;              ;         ;                 ;
; 3        ; 2          ; --       ; VCCINT         ; power  ;              ; 5.0V    ;                 ;
; 4        ; 3          ; --       ; rpi_a[4]       ; output ; TTL          ;         ; Y               ;
; 5        ; 4          ; --       ; rpi_a[5]       ; output ; TTL          ;         ; Y               ;
; 6        ; 5          ; --       ; rpi_a[8]       ; output ; TTL          ;         ; Y               ;
; 7        ; 6          ; --       ; GND            ; gnd    ;              ;         ;                 ;
; 8        ; 7          ; --       ; rpi_a[11]      ; output ; TTL          ;         ; Y               ;
; 9        ; 8          ; --       ; rpi_a[12]      ; output ; TTL          ;         ; Y               ;
; 10       ; 9          ; --       ; rpi_d[0]       ; bidir  ; TTL          ;         ; Y               ;
; 11       ; 10         ; --       ; rpi_cs         ; output ; TTL          ;         ; Y               ;
; 12       ; 11         ; --       ; D[7]           ; bidir  ; TTL          ;         ; Y               ;
; 13       ; 12         ; --       ; VCCIO          ; power  ;              ; 5.0V    ;                 ;
; 14       ; 13         ; --       ; TDI            ; input  ; TTL          ;         ; N               ;
; 15       ; 14         ; --       ; D[5]           ; bidir  ; TTL          ;         ; Y               ;
; 16       ; 15         ; --       ; D[3]           ; bidir  ; TTL          ;         ; Y               ;
; 17       ; 16         ; --       ; D[1]           ; bidir  ; TTL          ;         ; Y               ;
; 18       ; 17         ; --       ; A[5]           ; input  ; TTL          ;         ; Y               ;
; 19       ; 18         ; --       ; GND            ; gnd    ;              ;         ;                 ;
; 20       ; 19         ; --       ; A[3]           ; input  ; TTL          ;         ; Y               ;
; 21       ; 20         ; --       ; A[1]           ; input  ; TTL          ;         ; Y               ;
; 22       ; 21         ; --       ; A[14]          ; input  ; TTL          ;         ; Y               ;
; 23       ; 22         ; --       ; TMS            ; input  ; TTL          ;         ; N               ;
; 24       ; 23         ; --       ; A[12]          ; input  ; TTL          ;         ; Y               ;
; 25       ; 24         ; --       ; A[7]           ; input  ; TTL          ;         ; Y               ;
; 26       ; 25         ; --       ; VCCIO          ; power  ;              ; 5.0V    ;                 ;
; 27       ; 26         ; --       ; A[11]          ; input  ; TTL          ;         ; Y               ;
; 28       ; 27         ; --       ; A[9]           ; input  ; TTL          ;         ; Y               ;
; 29       ; 28         ; --       ; WR_n           ; input  ; TTL          ;         ; Y               ;
; 30       ; 29         ; --       ; IORQ_n         ; input  ; TTL          ;         ; Y               ;
; 31       ; 30         ; --       ; M1             ; input  ; TTL          ;         ; Y               ;
; 32       ; 31         ; --       ; GND            ; gnd    ;              ;         ;                 ;
; 33       ; 32         ; --       ; D[6]           ; bidir  ; TTL          ;         ; Y               ;
; 34       ; 33         ; --       ; D[4]           ; bidir  ; TTL          ;         ; Y               ;
; 35       ; 34         ; --       ; D[2]           ; bidir  ; TTL          ;         ; Y               ;
; 36       ; 35         ; --       ; D[0]           ; bidir  ; TTL          ;         ; Y               ;
; 37       ; 36         ; --       ; A[4]           ; input  ; TTL          ;         ; Y               ;
; 38       ; 37         ; --       ; VCCIO          ; power  ;              ; 5.0V    ;                 ;
; 39       ; 38         ; --       ; A[2]           ; input  ; TTL          ;         ; Y               ;
; 40       ; 39         ; --       ; A[0]           ; input  ; TTL          ;         ; Y               ;
; 41       ; 40         ; --       ; A[13]          ; input  ; TTL          ;         ; Y               ;
; 42       ; 41         ; --       ; GND            ; gnd    ;              ;         ;                 ;
; 43       ; 42         ; --       ; VCCINT         ; power  ;              ; 5.0V    ;                 ;
; 44       ; 43         ; --       ; A[8]           ; input  ; TTL          ;         ; Y               ;
; 45       ; 44         ; --       ; A[6]           ; input  ; TTL          ;         ; Y               ;
; 46       ; 45         ; --       ; A[10]          ; input  ; TTL          ;         ; Y               ;
; 47       ; 46         ; --       ; GND            ; gnd    ;              ;         ;                 ;
; 48       ; 47         ; --       ; A[15]          ; input  ; TTL          ;         ; Y               ;
; 49       ; 48         ; --       ; RD_n           ; input  ; TTL          ;         ; Y               ;
; 50       ; 49         ; --       ; MREQ_n         ; input  ; TTL          ;         ; Y               ;
; 51       ; 50         ; --       ; BDIR           ; output ; TTL          ;         ; Y               ;
; 52       ; 51         ; --       ; SLTSL          ; input  ; TTL          ;         ; Y               ;
; 53       ; 52         ; --       ; VCCIO          ; power  ;              ; 5.0V    ;                 ;
; 54       ; 53         ; --       ; WAIT_n         ; output ; TTL          ;         ; Y               ;
; 55       ; 54         ; --       ; rpi_on         ; input  ; TTL          ;         ; N               ;
; 56       ; 55         ; --       ; GPIO_1         ; input  ; TTL          ;         ; Y               ;
; 57       ; 56         ; --       ; rpi_d[2]       ; bidir  ; TTL          ;         ; Y               ;
; 58       ; 57         ; --       ; rpi_d[3]       ; bidir  ; TTL          ;         ; Y               ;
; 59       ; 58         ; --       ; GND            ; gnd    ;              ;         ;                 ;
; 60       ; 59         ; --       ; rpi_a[6]       ; output ; TTL          ;         ; Y               ;
; 61       ; 60         ; --       ; rpi_d[4]       ; bidir  ; TTL          ;         ; Y               ;
; 62       ; 61         ; --       ; TCK            ; input  ; TTL          ;         ; N               ;
; 63       ; 62         ; --       ; rpi_a[7]       ; output ; TTL          ;         ; Y               ;
; 64       ; 63         ; --       ; rpi_a[10]      ; output ; TTL          ;         ; Y               ;
; 65       ; 64         ; --       ; rpi_a[9]       ; output ; TTL          ;         ; Y               ;
; 66       ; 65         ; --       ; VCCIO          ; power  ;              ; 5.0V    ;                 ;
; 67       ; 66         ; --       ; rpi_d[1]       ; bidir  ; TTL          ;         ; Y               ;
; 68       ; 67         ; --       ; rpi_wr         ; output ; TTL          ;         ; Y               ;
; 69       ; 68         ; --       ; rpi_a[13]      ; output ; TTL          ;         ; Y               ;
; 70       ; 69         ; --       ; rpi_io         ; output ; TTL          ;         ; Y               ;
; 71       ; 70         ; --       ; TDO            ; output ; TTL          ;         ; N               ;
; 72       ; 71         ; --       ; GND            ; gnd    ;              ;         ;                 ;
; 73       ; 72         ; --       ; rpi_a[2]       ; output ; TTL          ;         ; Y               ;
; 74       ; 73         ; --       ; rpi_rdy        ; input  ; TTL          ;         ; Y               ;
; 75       ; 74         ; --       ; rpi_a[1]       ; output ; TTL          ;         ; Y               ;
; 76       ; 75         ; --       ; rpi_a[0]       ; output ; TTL          ;         ; Y               ;
; 77       ; 76         ; --       ; rpi_a[3]       ; output ; TTL          ;         ; Y               ;
; 78       ; 77         ; --       ; VCCIO          ; power  ;              ; 5.0V    ;                 ;
; 79       ; 78         ; --       ; rpi_d[7]       ; bidir  ; TTL          ;         ; Y               ;
; 80       ; 79         ; --       ; rpi_d[5]       ; bidir  ; TTL          ;         ; Y               ;
; 81       ; 80         ; --       ; rpi_d[6]       ; bidir  ; TTL          ;         ; Y               ;
; 82       ; 81         ; --       ; GND            ; gnd    ;              ;         ;                 ;
; 83       ; 82         ; --       ; GND+           ;        ;              ;         ;                 ;
; 84       ; 83         ; --       ; GND+           ;        ;              ;         ;                 ;
+----------+------------+----------+----------------+--------+--------------+---------+-----------------+
Note: Pin directions (input, output or bidir) are based on device operating in user mode.


+-----------------------------------------------+
; Output Pin Default Load For Reported TCO      ;
+--------------+-------+------------------------+
; I/O Standard ; Load  ; Termination Resistance ;
+--------------+-------+------------------------+
; 3.3-V LVTTL  ; 10 pF ; Not Available          ;
; 3.3-V LVCMOS ; 10 pF ; Not Available          ;
; TTL          ; 10 pF ; Not Available          ;
+--------------+-------+------------------------+
Note: User assignments will override these defaults. The user specified values are listed in the Output Pins and Bidir Pins tables.


+-------------------------------------------------------------------------------------+
; Fitter Resource Utilization by Entity                                               ;
+----------------------------+------------+------+---------------------+--------------+
; Compilation Hierarchy Node ; Macrocells ; Pins ; Full Hierarchy Name ; Library Name ;
+----------------------------+------------+------+---------------------+--------------+
; |MSXPi2                    ; 38         ; 64   ; |MSXPi2             ; work         ;
+----------------------------+------------+------+---------------------+--------------+


+----------------------------------------------------------------------------------------------------------------+
; Control Signals                                                                                                ;
+-----------------+----------+---------+----------------------+--------+----------------------+------------------+
; Name            ; Location ; Fan-Out ; Usage                ; Global ; Global Resource Used ; Global Line Name ;
+-----------------+----------+---------+----------------------+--------+----------------------+------------------+
; A[0]            ; PIN_40   ; 26      ; Clock                ; no     ; --                   ; --               ;
; WR_n            ; PIN_29   ; 26      ; Clock                ; no     ; --                   ; --               ;
; d_s[0]          ; LC57     ; 3       ; Async. clear, Preset ; no     ; --                   ; --               ;
; d_s[1]          ; LC25     ; 3       ; Async. clear, Preset ; no     ; --                   ; --               ;
; d_s[2]          ; LC59     ; 3       ; Async. clear, Preset ; no     ; --                   ; --               ;
; d_s[3]          ; LC27     ; 3       ; Async. clear, Preset ; no     ; --                   ; --               ;
; d_s[4]          ; LC61     ; 3       ; Async. clear, Preset ; no     ; --                   ; --               ;
; d_s[5]          ; LC29     ; 3       ; Async. clear, Preset ; no     ; --                   ; --               ;
; d_s[6]          ; LC64     ; 3       ; Async. clear, Preset ; no     ; --                   ; --               ;
; d_s[7]          ; LC3      ; 3       ; Async. clear, Preset ; no     ; --                   ; --               ;
; msxpi_select~44 ; LC33     ; 26      ; Clock                ; no     ; --                   ; --               ;
; rpi_rdy         ; PIN_74   ; 26      ; Async. clear, Preset ; no     ; --                   ; --               ;
+-----------------+----------+---------+----------------------+--------+----------------------+------------------+


+---------------------------------+
; Non-Global High Fan-Out Signals ;
+------------------+--------------+
; Name             ; Fan-Out      ;
+------------------+--------------+
; rpi_rdy          ; 26           ;
; WR_n             ; 26           ;
; A[0]             ; 26           ;
; msxpi_select~44  ; 26           ;
; msxpi_read_rom~0 ; 8            ;
; d_s[0]           ; 3            ;
; d_s[1]           ; 3            ;
; d_s[2]           ; 3            ;
; d_s[3]           ; 3            ;
; d_s[4]           ; 3            ;
; d_s[5]           ; 3            ;
; d_s[6]           ; 3            ;
; d_s[7]           ; 3            ;
; MREQ_n           ; 2            ;
; A[15]            ; 2            ;
; A[14]            ; 2            ;
; A[13]            ; 2            ;
; A[12]            ; 2            ;
; A[11]            ; 2            ;
; A[10]            ; 2            ;
; A[9]             ; 2            ;
; A[8]             ; 2            ;
; A[7]             ; 2            ;
; A[6]             ; 2            ;
; A[5]             ; 2            ;
; A[4]             ; 2            ;
; A[3]             ; 2            ;
; A[2]             ; 2            ;
; A[1]             ; 2            ;
; wr_s             ; 2            ;
; a_s[0]           ; 2            ;
; a_s[1]           ; 2            ;
; a_s[2]           ; 2            ;
; a_s[3]           ; 2            ;
; a_s[4]           ; 2            ;
; a_s[5]           ; 2            ;
; a_s[6]           ; 2            ;
; a_s[7]           ; 2            ;
; a_s[8]           ; 2            ;
; a_s[9]           ; 2            ;
; a_s[10]          ; 2            ;
; a_s[11]          ; 2            ;
; a_s[12]          ; 2            ;
; a_s[13]          ; 2            ;
; io_s             ; 2            ;
; D[7]~7           ; 1            ;
; D[6]~6           ; 1            ;
; D[5]~5           ; 1            ;
; D[4]~4           ; 1            ;
; D[3]~3           ; 1            ;
; D[2]~2           ; 1            ;
; D[1]~1           ; 1            ;
; D[0]~0           ; 1            ;
; SLTSL            ; 1            ;
; IORQ_n           ; 1            ;
; ~VCC~0           ; 1            ;
; wait_n_s~6       ; 1            ;
; d_s[7]~38        ; 1            ;
; d_s[6]~36        ; 1            ;
; d_s[5]~34        ; 1            ;
; d_s[4]~32        ; 1            ;
; d_s[3]~30        ; 1            ;
; d_s[2]~28        ; 1            ;
; d_s[1]~26        ; 1            ;
; d_s[0]~24        ; 1            ;
; wait_n_s~en      ; 1            ;
; cs_s             ; 1            ;
+------------------+--------------+


+-------------------------------------------------+
; Other Routing Usage Summary                     ;
+-----------------------------+-------------------+
; Other Routing Resource Type ; Usage             ;
+-----------------------------+-------------------+
; Output enables              ; 1 / 6 ( 17 % )    ;
; PIA buffers                 ; 90 / 288 ( 31 % ) ;
; PIAs                        ; 99 / 288 ( 34 % ) ;
+-----------------------------+-------------------+


+-----------------------------------------------------------------------------+
; LAB External Interconnect                                                   ;
+-----------------------------------------------+-----------------------------+
; LAB External Interconnects  (Average = 12.38) ; Number of LABs  (Total = 7) ;
+-----------------------------------------------+-----------------------------+
; 0 - 1                                         ; 1                           ;
; 2 - 3                                         ; 0                           ;
; 4 - 5                                         ; 0                           ;
; 6 - 7                                         ; 0                           ;
; 8 - 9                                         ; 0                           ;
; 10 - 11                                       ; 2                           ;
; 12 - 13                                       ; 1                           ;
; 14 - 15                                       ; 1                           ;
; 16 - 17                                       ; 2                           ;
; 18 - 19                                       ; 1                           ;
+-----------------------------------------------+-----------------------------+


+----------------------------------------------------------------------+
; LAB Macrocells                                                       ;
+----------------------------------------+-----------------------------+
; Number of Macrocells  (Average = 4.75) ; Number of LABs  (Total = 8) ;
+----------------------------------------+-----------------------------+
; 0                                      ; 0                           ;
; 1                                      ; 2                           ;
; 2                                      ; 0                           ;
; 3                                      ; 1                           ;
; 4                                      ; 1                           ;
; 5                                      ; 1                           ;
; 6                                      ; 0                           ;
; 7                                      ; 1                           ;
; 8                                      ; 1                           ;
; 9                                      ; 1                           ;
+----------------------------------------+-----------------------------+


+-------------------------------------------------------------------------------------------------------------------------------------------------------------------------------------------------------------------------------------------------------------------------------------------------------------------------------------------------------+
; Logic Cell Interconnection                                                                                                                                                                                                                                                                                                                            ;
+-----+------------+----------------------------------------------------------------------------------------------------------------+-------------------------------------------------------------------------------------------------------------------------------------------------------------------------------------------------------------------+
; LAB ; Logic Cell ; Input                                                                                                          ; Output                                                                                                                                                                                                            ;
+-----+------------+----------------------------------------------------------------------------------------------------------------+-------------------------------------------------------------------------------------------------------------------------------------------------------------------------------------------------------------------+
;  A  ; LC13       ; A[8], rpi_rdy, a_s[8], A[0], WR_n, msxpi_select~44                                                             ; a_s[8], rpi_a[8]                                                                                                                                                                                                  ;
;  A  ; LC5        ; A[0], WR_n, msxpi_select~44, rpi_rdy                                                                           ; rpi_cs                                                                                                                                                                                                            ;
;  A  ; LC3        ; D[7], A[0], WR_n, msxpi_select~44, d_s[7], rpi_rdy                                                             ; d_s[7], d_s[7]~38, D[7]                                                                                                                                                                                           ;
;  A  ; LC14       ; A[5], rpi_rdy, a_s[5], A[0], WR_n, msxpi_select~44                                                             ; a_s[5], rpi_a[5]                                                                                                                                                                                                  ;
;  A  ; LC8        ; A[12], rpi_rdy, a_s[12], A[0], WR_n, msxpi_select~44                                                           ; a_s[12], rpi_a[12]                                                                                                                                                                                                ;
;  A  ; LC11       ; A[11], rpi_rdy, a_s[11], A[0], WR_n, msxpi_select~44                                                           ; a_s[11], rpi_a[11]                                                                                                                                                                                                ;
;  A  ; LC6        ; d_s[0]                                                                                                         ; rpi_d[0]                                                                                                                                                                                                          ;
;  A  ; LC16       ; A[4], rpi_rdy, a_s[4], A[0], WR_n, msxpi_select~44                                                             ; a_s[4], rpi_a[4]                                                                                                                                                                                                  ;
;  B  ; LC29       ; D[5], A[0], WR_n, msxpi_select~44, d_s[5], rpi_rdy                                                             ; d_s[5], d_s[5]~34, D[5]                                                                                                                                                                                           ;
;  B  ; LC27       ; D[3], A[0], WR_n, msxpi_select~44, d_s[3], rpi_rdy                                                             ; d_s[3], d_s[3]~30, D[3]                                                                                                                                                                                           ;
;  B  ; LC25       ; D[1], A[0], WR_n, msxpi_select~44, d_s[1], rpi_rdy                                                             ; d_s[1], d_s[1]~26, D[1]                                                                                                                                                                                           ;
;  C  ; LC33       ; IORQ_n, A[2], A[3], A[7], A[4], A[6], A[1], A[5], MREQ_n, A[8], A[9], A[12], A[10], A[11], A[13], A[14], A[15] ; io_s, cs_s, d_s[7], d_s[6], d_s[5], d_s[4], d_s[3], d_s[2], d_s[1], d_s[0], a_s[13], a_s[12], a_s[11], a_s[10], a_s[9], a_s[8], a_s[7], a_s[6], a_s[5], a_s[4], a_s[3], a_s[2], a_s[1], a_s[0], wr_s, wait_n_s~en ;
;  D  ; LC64       ; D[6], A[0], WR_n, msxpi_select~44, d_s[6], rpi_rdy                                                             ; d_s[6], d_s[6]~36, D[6]                                                                                                                                                                                           ;
;  D  ; LC61       ; D[4], A[0], WR_n, msxpi_select~44, d_s[4], rpi_rdy                                                             ; d_s[4], d_s[4]~32, D[4]                                                                                                                                                                                           ;
;  D  ; LC59       ; D[2], A[0], WR_n, msxpi_select~44, d_s[2], rpi_rdy                                                             ; d_s[2], d_s[2]~28, D[2]                                                                                                                                                                                           ;
;  D  ; LC57       ; D[0], A[0], WR_n, msxpi_select~44, d_s[0], rpi_rdy                                                             ; d_s[0], d_s[0]~24, D[0]                                                                                                                                                                                           ;
;  E  ; LC77       ;                                                                                                                ; BDIR                                                                                                                                                                                                              ;
;  F  ; LC94       ; d_s[4]                                                                                                         ; rpi_d[4]                                                                                                                                                                                                          ;
;  F  ; LC83       ; wait_n_s~en                                                                                                    ; WAIT_n                                                                                                                                                                                                            ;
;  F  ; LC93       ; A[6], rpi_rdy, a_s[6], A[0], WR_n, msxpi_select~44                                                             ; a_s[6], rpi_a[6]                                                                                                                                                                                                  ;
;  F  ; LC88       ; d_s[2]                                                                                                         ; rpi_d[2]                                                                                                                                                                                                          ;
;  F  ; LC91       ; d_s[3]                                                                                                         ; rpi_d[3]                                                                                                                                                                                                          ;
;  G  ; LC109      ; MREQ_n, rpi_rdy, io_s, A[0], WR_n, msxpi_select~44                                                             ; io_s, rpi_io                                                                                                                                                                                                      ;
;  G  ; LC107      ; A[13], rpi_rdy, a_s[13], A[0], WR_n, msxpi_select~44                                                           ; a_s[13], rpi_a[13]                                                                                                                                                                                                ;
;  G  ; LC105      ; WR_n, rpi_rdy, wr_s, A[0], msxpi_select~44                                                                     ; wr_s, rpi_wr                                                                                                                                                                                                      ;
;  G  ; LC98       ; A[0], WR_n, msxpi_select~44, rpi_rdy                                                                           ; wait_n_s~6                                                                                                                                                                                                        ;
;  G  ; LC99       ; A[10], rpi_rdy, a_s[10], A[0], WR_n, msxpi_select~44                                                           ; a_s[10], rpi_a[10]                                                                                                                                                                                                ;
;  G  ; LC104      ; d_s[1]                                                                                                         ; rpi_d[1]                                                                                                                                                                                                          ;
;  G  ; LC97       ; A[7], rpi_rdy, a_s[7], A[0], WR_n, msxpi_select~44                                                             ; a_s[7], rpi_a[7]                                                                                                                                                                                                  ;
;  G  ; LC101      ; A[9], rpi_rdy, a_s[9], A[0], WR_n, msxpi_select~44                                                             ; a_s[9], rpi_a[9]                                                                                                                                                                                                  ;
;  G  ; LC112      ; SLTSL, A[14], A[15]                                                                                            ; D[0], D[1], D[2], D[3], D[4], D[5], D[6], D[7]                                                                                                                                                                    ;
;  H  ; LC118      ; A[1], rpi_rdy, a_s[1], A[0], WR_n, msxpi_select~44                                                             ; a_s[1], rpi_a[1]                                                                                                                                                                                                  ;
;  H  ; LC120      ; A[0], rpi_rdy, a_s[0], WR_n, msxpi_select~44                                                                   ; a_s[0], rpi_a[0]                                                                                                                                                                                                  ;
;  H  ; LC123      ; A[3], rpi_rdy, a_s[3], A[0], WR_n, msxpi_select~44                                                             ; a_s[3], rpi_a[3]                                                                                                                                                                                                  ;
;  H  ; LC126      ; d_s[5]                                                                                                         ; rpi_d[5]                                                                                                                                                                                                          ;
;  H  ; LC128      ; d_s[6]                                                                                                         ; rpi_d[6]                                                                                                                                                                                                          ;
;  H  ; LC125      ; d_s[7]                                                                                                         ; rpi_d[7]                                                                                                                                                                                                          ;
;  H  ; LC115      ; A[2], rpi_rdy, a_s[2], A[0], WR_n, msxpi_select~44                                                             ; a_s[2], rpi_a[2]                                                                                                                                                                                                  ;
+-----+------------+----------------------------------------------------------------------------------------------------------------+-------------------------------------------------------------------------------------------------------------------------------------------------------------------------------------------------------------------+


+---------------------------------------------------------------+
; Fitter Device Options                                         ;
+----------------------------------------------+----------------+
; Option                                       ; Setting        ;
+----------------------------------------------+----------------+
; Enable user-supplied start-up clock (CLKUSR) ; Off            ;
; Enable device-wide reset (DEV_CLRn)          ; Off            ;
; Enable device-wide output enable (DEV_OE)    ; Off            ;
; Enable INIT_DONE output                      ; Off            ;
; Configuration scheme                         ; Passive Serial ;
; Security bit                                 ; Off            ;
; Base pin-out file on sameframe device        ; Off            ;
+----------------------------------------------+----------------+


+-----------------+
; Fitter Messages ;
+-----------------+
Warning (20028): Parallel compilation is not licensed and has been disabled
Info (119006): Selected device EPM7128SLC84-15 for design "MSXPi2"
Warning (15705): Ignored locations or region assignments to the following nodes
    Warning (15706): Node "rpi_off" is assigned to location or region, but does not exist in design
Info: Quartus II 64-Bit Fitter was successful. 0 errors, 3 warnings
    Info: Peak virtual memory: 459 megabytes
    Info: Processing ended: Mon Jul 06 11:04:53 2020
    Info: Elapsed time: 00:00:04
    Info: Total CPU time (on all processors): 00:00:03


